Feb 01 09:35:58 desktop kernel: Linux version 6.7.1 (nixbld@localhost) (gcc (GCC) 12.3.0, GNU ld (GNU Binutils) 2.40) #1-NixOS SMP PREEMPT_DYNAMIC Sat Jan 20 10:53:02 UTC 2024
Feb 01 09:35:58 desktop kernel: Command line: BOOT_IMAGE=(hd1,gpt3)//kernels/wq9p72nzcmciwj7ng1qlz0nkgiigapzj-linux-6.7.1-bzImage init=/nix/store/clxny0wandpp2fz1zxd750s6rx5z01yp-nixos-system-desktop-23.11.3409.d7f206b723e4/init splash loglevel=4
Feb 01 09:35:58 desktop kernel: BIOS-provided physical RAM map:
Feb 01 09:35:58 desktop kernel: BIOS-e820: [mem 0x0000000000000000-0x000000000009ffff] usable
Feb 01 09:35:58 desktop kernel: BIOS-e820: [mem 0x00000000000a0000-0x00000000000fffff] reserved
Feb 01 09:35:58 desktop kernel: BIOS-e820: [mem 0x0000000000100000-0x0000000009d7ffff] usable
Feb 01 09:35:58 desktop kernel: BIOS-e820: [mem 0x0000000009d80000-0x0000000009ffffff] reserved
Feb 01 09:35:58 desktop kernel: BIOS-e820: [mem 0x000000000a000000-0x000000000a1fffff] usable
Feb 01 09:35:58 desktop kernel: BIOS-e820: [mem 0x000000000a200000-0x000000000a209fff] ACPI NVS
Feb 01 09:35:58 desktop kernel: BIOS-e820: [mem 0x000000000a20a000-0x000000000affffff] usable
Feb 01 09:35:58 desktop kernel: BIOS-e820: [mem 0x000000000b000000-0x000000000b01ffff] reserved
Feb 01 09:35:58 desktop kernel: BIOS-e820: [mem 0x000000000b020000-0x00000000dd03bfff] usable
Feb 01 09:35:58 desktop kernel: BIOS-e820: [mem 0x00000000dd03c000-0x00000000dd1a4fff] reserved
Feb 01 09:35:58 desktop kernel: BIOS-e820: [mem 0x00000000dd1a5000-0x00000000dd221fff] ACPI data
Feb 01 09:35:58 desktop kernel: BIOS-e820: [mem 0x00000000dd222000-0x00000000dd73afff] ACPI NVS
Feb 01 09:35:58 desktop kernel: BIOS-e820: [mem 0x00000000dd73b000-0x00000000de65afff] reserved
Feb 01 09:35:58 desktop kernel: BIOS-e820: [mem 0x00000000de65b000-0x00000000deffffff] usable
Feb 01 09:35:58 desktop kernel: BIOS-e820: [mem 0x00000000df000000-0x00000000dfffffff] reserved
Feb 01 09:35:58 desktop kernel: BIOS-e820: [mem 0x00000000f8000000-0x00000000fbffffff] reserved
Feb 01 09:35:58 desktop kernel: BIOS-e820: [mem 0x00000000fd100000-0x00000000fdffffff] reserved
Feb 01 09:35:58 desktop kernel: BIOS-e820: [mem 0x00000000fea00000-0x00000000fea0ffff] reserved
Feb 01 09:35:58 desktop kernel: BIOS-e820: [mem 0x00000000feb80000-0x00000000fec01fff] reserved
Feb 01 09:35:58 desktop kernel: BIOS-e820: [mem 0x00000000fec10000-0x00000000fec10fff] reserved
Feb 01 09:35:58 desktop kernel: BIOS-e820: [mem 0x00000000fec30000-0x00000000fec30fff] reserved
Feb 01 09:35:58 desktop kernel: BIOS-e820: [mem 0x00000000fed00000-0x00000000fed00fff] reserved
Feb 01 09:35:58 desktop kernel: BIOS-e820: [mem 0x00000000fed40000-0x00000000fed44fff] reserved
Feb 01 09:35:58 desktop kernel: BIOS-e820: [mem 0x00000000fed80000-0x00000000fed8ffff] reserved
Feb 01 09:35:58 desktop kernel: BIOS-e820: [mem 0x00000000fedc2000-0x00000000fedcffff] reserved
Feb 01 09:35:58 desktop kernel: BIOS-e820: [mem 0x00000000fedd4000-0x00000000fedd5fff] reserved
Feb 01 09:35:58 desktop kernel: BIOS-e820: [mem 0x00000000fee00000-0x00000000feefffff] reserved
Feb 01 09:35:58 desktop kernel: BIOS-e820: [mem 0x00000000ff000000-0x00000000ffffffff] reserved
Feb 01 09:35:58 desktop kernel: BIOS-e820: [mem 0x0000000100000000-0x0000000c1f37ffff] usable
Feb 01 09:35:58 desktop kernel: NX (Execute Disable) protection: active
Feb 01 09:35:58 desktop kernel: APIC: Static calls initialized
Feb 01 09:35:58 desktop kernel: e820: update [mem 0xca635018-0xca643057] usable ==> usable
Feb 01 09:35:58 desktop kernel: e820: update [mem 0xca635018-0xca643057] usable ==> usable
Feb 01 09:35:58 desktop kernel: e820: update [mem 0xca617018-0xca634c57] usable ==> usable
Feb 01 09:35:58 desktop kernel: e820: update [mem 0xca617018-0xca634c57] usable ==> usable
Feb 01 09:35:58 desktop kernel: extended physical RAM map:
Feb 01 09:35:58 desktop kernel: reserve setup_data: [mem 0x0000000000000000-0x000000000009ffff] usable
Feb 01 09:35:58 desktop kernel: reserve setup_data: [mem 0x00000000000a0000-0x00000000000fffff] reserved
Feb 01 09:35:58 desktop kernel: reserve setup_data: [mem 0x0000000000100000-0x0000000009d7ffff] usable
Feb 01 09:35:58 desktop kernel: reserve setup_data: [mem 0x0000000009d80000-0x0000000009ffffff] reserved
Feb 01 09:35:58 desktop kernel: reserve setup_data: [mem 0x000000000a000000-0x000000000a1fffff] usable
Feb 01 09:35:58 desktop kernel: reserve setup_data: [mem 0x000000000a200000-0x000000000a209fff] ACPI NVS
Feb 01 09:35:58 desktop kernel: reserve setup_data: [mem 0x000000000a20a000-0x000000000affffff] usable
Feb 01 09:35:58 desktop kernel: reserve setup_data: [mem 0x000000000b000000-0x000000000b01ffff] reserved
Feb 01 09:35:58 desktop kernel: reserve setup_data: [mem 0x000000000b020000-0x00000000ca617017] usable
Feb 01 09:35:58 desktop kernel: reserve setup_data: [mem 0x00000000ca617018-0x00000000ca634c57] usable
Feb 01 09:35:58 desktop kernel: reserve setup_data: [mem 0x00000000ca634c58-0x00000000ca635017] usable
Feb 01 09:35:58 desktop kernel: reserve setup_data: [mem 0x00000000ca635018-0x00000000ca643057] usable
Feb 01 09:35:58 desktop kernel: reserve setup_data: [mem 0x00000000ca643058-0x00000000dd03bfff] usable
Feb 01 09:35:58 desktop kernel: reserve setup_data: [mem 0x00000000dd03c000-0x00000000dd1a4fff] reserved
Feb 01 09:35:58 desktop kernel: reserve setup_data: [mem 0x00000000dd1a5000-0x00000000dd221fff] ACPI data
Feb 01 09:35:58 desktop kernel: reserve setup_data: [mem 0x00000000dd222000-0x00000000dd73afff] ACPI NVS
Feb 01 09:35:58 desktop kernel: reserve setup_data: [mem 0x00000000dd73b000-0x00000000de65afff] reserved
Feb 01 09:35:58 desktop kernel: reserve setup_data: [mem 0x00000000de65b000-0x00000000deffffff] usable
Feb 01 09:35:58 desktop kernel: reserve setup_data: [mem 0x00000000df000000-0x00000000dfffffff] reserved
Feb 01 09:35:58 desktop kernel: reserve setup_data: [mem 0x00000000f8000000-0x00000000fbffffff] reserved
Feb 01 09:35:58 desktop kernel: reserve setup_data: [mem 0x00000000fd100000-0x00000000fdffffff] reserved
Feb 01 09:35:58 desktop kernel: reserve setup_data: [mem 0x00000000fea00000-0x00000000fea0ffff] reserved
Feb 01 09:35:58 desktop kernel: reserve setup_data: [mem 0x00000000feb80000-0x00000000fec01fff] reserved
Feb 01 09:35:58 desktop kernel: reserve setup_data: [mem 0x00000000fec10000-0x00000000fec10fff] reserved
Feb 01 09:35:58 desktop kernel: reserve setup_data: [mem 0x00000000fec30000-0x00000000fec30fff] reserved
Feb 01 09:35:58 desktop kernel: reserve setup_data: [mem 0x00000000fed00000-0x00000000fed00fff] reserved
Feb 01 09:35:58 desktop kernel: reserve setup_data: [mem 0x00000000fed40000-0x00000000fed44fff] reserved
Feb 01 09:35:58 desktop kernel: reserve setup_data: [mem 0x00000000fed80000-0x00000000fed8ffff] reserved
Feb 01 09:35:58 desktop kernel: reserve setup_data: [mem 0x00000000fedc2000-0x00000000fedcffff] reserved
Feb 01 09:35:58 desktop kernel: reserve setup_data: [mem 0x00000000fedd4000-0x00000000fedd5fff] reserved
Feb 01 09:35:58 desktop kernel: reserve setup_data: [mem 0x00000000fee00000-0x00000000feefffff] reserved
Feb 01 09:35:58 desktop kernel: reserve setup_data: [mem 0x00000000ff000000-0x00000000ffffffff] reserved
Feb 01 09:35:58 desktop kernel: reserve setup_data: [mem 0x0000000100000000-0x0000000c1f37ffff] usable
Feb 01 09:35:58 desktop kernel: efi: EFI v2.7 by American Megatrends
Feb 01 09:35:58 desktop kernel: efi: ACPI 2.0=0xdd6ba000 ACPI=0xdd6ba000 SMBIOS=0xde47b000 ESRT=0xd8e44f98 MEMATTR=0xd8e22018 INITRD=0xcfbc4d18 RNG=0xdd221018 
Feb 01 09:35:58 desktop kernel: random: crng init done
Feb 01 09:35:58 desktop kernel: efi: Remove mem40: MMIO range=[0xf8000000-0xfbffffff] (64MB) from e820 map
Feb 01 09:35:58 desktop kernel: e820: remove [mem 0xf8000000-0xfbffffff] reserved
Feb 01 09:35:58 desktop kernel: efi: Remove mem41: MMIO range=[0xfd100000-0xfdffffff] (15MB) from e820 map
Feb 01 09:35:58 desktop kernel: e820: remove [mem 0xfd100000-0xfdffffff] reserved
Feb 01 09:35:58 desktop kernel: efi: Not removing mem42: MMIO range=[0xfea00000-0xfea0ffff] (64KB) from e820 map
Feb 01 09:35:58 desktop kernel: efi: Remove mem43: MMIO range=[0xfeb80000-0xfec01fff] (0MB) from e820 map
Feb 01 09:35:58 desktop kernel: e820: remove [mem 0xfeb80000-0xfec01fff] reserved
Feb 01 09:35:58 desktop kernel: efi: Not removing mem44: MMIO range=[0xfec10000-0xfec10fff] (4KB) from e820 map
Feb 01 09:35:58 desktop kernel: efi: Not removing mem45: MMIO range=[0xfec30000-0xfec30fff] (4KB) from e820 map
Feb 01 09:35:58 desktop kernel: efi: Not removing mem46: MMIO range=[0xfed00000-0xfed00fff] (4KB) from e820 map
Feb 01 09:35:58 desktop kernel: efi: Not removing mem47: MMIO range=[0xfed40000-0xfed44fff] (20KB) from e820 map
Feb 01 09:35:58 desktop kernel: efi: Not removing mem48: MMIO range=[0xfed80000-0xfed8ffff] (64KB) from e820 map
Feb 01 09:35:58 desktop kernel: efi: Not removing mem49: MMIO range=[0xfedc2000-0xfedcffff] (56KB) from e820 map
Feb 01 09:35:58 desktop kernel: efi: Not removing mem50: MMIO range=[0xfedd4000-0xfedd5fff] (8KB) from e820 map
Feb 01 09:35:58 desktop kernel: efi: Remove mem51: MMIO range=[0xfee00000-0xfeefffff] (1MB) from e820 map
Feb 01 09:35:58 desktop kernel: e820: remove [mem 0xfee00000-0xfeefffff] reserved
Feb 01 09:35:58 desktop kernel: efi: Remove mem52: MMIO range=[0xff000000-0xffffffff] (16MB) from e820 map
Feb 01 09:35:58 desktop kernel: e820: remove [mem 0xff000000-0xffffffff] reserved
Feb 01 09:35:58 desktop kernel: SMBIOS 2.8 present.
Feb 01 09:35:58 desktop kernel: DMI: Micro-Star International Co., Ltd. MS-7B79/X470 GAMING PRO (MS-7B79), BIOS 1.40 06/26/2018
Feb 01 09:35:58 desktop kernel: tsc: Fast TSC calibration failed
Feb 01 09:35:58 desktop kernel: e820: update [mem 0x00000000-0x00000fff] usable ==> reserved
Feb 01 09:35:58 desktop kernel: e820: remove [mem 0x000a0000-0x000fffff] usable
Feb 01 09:35:58 desktop kernel: last_pfn = 0xc1f380 max_arch_pfn = 0x400000000
Feb 01 09:35:58 desktop kernel: MTRR map: 5 entries (3 fixed + 2 variable; max 20), built from 9 variable MTRRs
Feb 01 09:35:58 desktop kernel: x86/PAT: Configuration [0-7]: WB  WC  UC- UC  WB  WP  UC- WT  
Feb 01 09:35:58 desktop kernel: e820: update [mem 0xe0000000-0xffffffff] usable ==> reserved
Feb 01 09:35:58 desktop kernel: last_pfn = 0xdf000 max_arch_pfn = 0x400000000
Feb 01 09:35:58 desktop kernel: esrt: Reserving ESRT space from 0x00000000d8e44f98 to 0x00000000d8e44fd0.
Feb 01 09:35:58 desktop kernel: e820: update [mem 0xd8e44000-0xd8e44fff] usable ==> reserved
Feb 01 09:35:58 desktop kernel: Using GB pages for direct mapping
Feb 01 09:35:58 desktop kernel: Secure boot disabled
Feb 01 09:35:58 desktop kernel: RAMDISK: [mem 0xcaf4a000-0xcc7aefff]
Feb 01 09:35:58 desktop kernel: ACPI: Early table checksum verification disabled
Feb 01 09:35:58 desktop kernel: ACPI: RSDP 0x00000000DD6BA000 000024 (v02 ALASKA)
Feb 01 09:35:58 desktop kernel: ACPI: XSDT 0x00000000DD6BA098 0000AC (v01 ALASKA A M I    01072009 AMI  00010013)
Feb 01 09:35:58 desktop kernel: ACPI: FACP 0x00000000DD6C2430 000114 (v06 ALASKA A M I    01072009 AMI  00010013)
Feb 01 09:35:58 desktop kernel: ACPI BIOS Warning (bug): Optional FADT field Pm2ControlBlock has valid Length but zero Address: 0x0000000000000000/0x1 (20230628/tbfadt-615)
Feb 01 09:35:58 desktop kernel: ACPI: DSDT 0x00000000DD6BA1D8 008254 (v02 ALASKA A M I    01072009 INTL 20120913)
Feb 01 09:35:58 desktop kernel: ACPI: FACS 0x00000000DD723E00 000040
Feb 01 09:35:58 desktop kernel: ACPI: APIC 0x00000000DD6C2548 0000DE (v03 ALASKA A M I    01072009 AMI  00010013)
Feb 01 09:35:58 desktop kernel: ACPI: FPDT 0x00000000DD6C2628 000044 (v01 ALASKA A M I    01072009 AMI  00010013)
Feb 01 09:35:58 desktop kernel: ACPI: FIDT 0x00000000DD6C2670 00009C (v01 ALASKA A M I    01072009 AMI  00010013)
Feb 01 09:35:58 desktop kernel: ACPI: SSDT 0x00000000DD6C2710 008C98 (v02 AMD    AMD ALIB 00000002 MSFT 04000000)
Feb 01 09:35:58 desktop kernel: ACPI: SSDT 0x00000000DD6CB3A8 002314 (v01 AMD    AMD CPU  00000001 AMD  00000001)
Feb 01 09:35:58 desktop kernel: ACPI: CRAT 0x00000000DD6CD6C0 000F50 (v01 AMD    AMD CRAT 00000001 AMD  00000001)
Feb 01 09:35:58 desktop kernel: ACPI: CDIT 0x00000000DD6CE610 000029 (v01 AMD    AMD CDIT 00000001 AMD  00000001)
Feb 01 09:35:58 desktop kernel: ACPI: SSDT 0x00000000DD6CE640 002D94 (v01 AMD    AMD AOD  00000001 INTL 20120913)
Feb 01 09:35:58 desktop kernel: ACPI: MCFG 0x00000000DD6D13D8 00003C (v01 ALASKA A M I    01072009 MSFT 00010013)
Feb 01 09:35:58 desktop kernel: ACPI: HPET 0x00000000DD6D1418 000038 (v01 ALASKA A M I    01072009 AMI  00000005)
Feb 01 09:35:58 desktop kernel: ACPI: SSDT 0x00000000DD6D1450 000024 (v01 AMDFCH FCHZP    00001000 INTL 20120913)
Feb 01 09:35:58 desktop kernel: ACPI: UEFI 0x00000000DD6D1478 000048 (v01                 00000000      00000000)
Feb 01 09:35:58 desktop kernel: ACPI: IVRS 0x00000000DD6D14C0 0000D0 (v02 AMD    AMD IVRS 00000001 AMD  00000000)
Feb 01 09:35:58 desktop kernel: ACPI: SSDT 0x00000000DD6D1590 001A41 (v01 AMD    AmdTable 00000001 INTL 20120913)
Feb 01 09:35:58 desktop kernel: ACPI: SSDT 0x00000000DD6D2FD8 0000F8 (v01 AMD    AMD PT   00001000 INTL 20120913)
Feb 01 09:35:58 desktop kernel: ACPI: WSMT 0x00000000DD6D30D0 000028 (v01 ALASKA A M I    01072009 AMI  00010013)
Feb 01 09:35:58 desktop kernel: ACPI: Reserving FACP table memory at [mem 0xdd6c2430-0xdd6c2543]
Feb 01 09:35:58 desktop kernel: ACPI: Reserving DSDT table memory at [mem 0xdd6ba1d8-0xdd6c242b]
Feb 01 09:35:58 desktop kernel: ACPI: Reserving FACS table memory at [mem 0xdd723e00-0xdd723e3f]
Feb 01 09:35:58 desktop kernel: ACPI: Reserving APIC table memory at [mem 0xdd6c2548-0xdd6c2625]
Feb 01 09:35:58 desktop kernel: ACPI: Reserving FPDT table memory at [mem 0xdd6c2628-0xdd6c266b]
Feb 01 09:35:58 desktop kernel: ACPI: Reserving FIDT table memory at [mem 0xdd6c2670-0xdd6c270b]
Feb 01 09:35:58 desktop kernel: ACPI: Reserving SSDT table memory at [mem 0xdd6c2710-0xdd6cb3a7]
Feb 01 09:35:58 desktop kernel: ACPI: Reserving SSDT table memory at [mem 0xdd6cb3a8-0xdd6cd6bb]
Feb 01 09:35:58 desktop kernel: ACPI: Reserving CRAT table memory at [mem 0xdd6cd6c0-0xdd6ce60f]
Feb 01 09:35:58 desktop kernel: ACPI: Reserving CDIT table memory at [mem 0xdd6ce610-0xdd6ce638]
Feb 01 09:35:58 desktop kernel: ACPI: Reserving SSDT table memory at [mem 0xdd6ce640-0xdd6d13d3]
Feb 01 09:35:58 desktop kernel: ACPI: Reserving MCFG table memory at [mem 0xdd6d13d8-0xdd6d1413]
Feb 01 09:35:58 desktop kernel: ACPI: Reserving HPET table memory at [mem 0xdd6d1418-0xdd6d144f]
Feb 01 09:35:58 desktop kernel: ACPI: Reserving SSDT table memory at [mem 0xdd6d1450-0xdd6d1473]
Feb 01 09:35:58 desktop kernel: ACPI: Reserving UEFI table memory at [mem 0xdd6d1478-0xdd6d14bf]
Feb 01 09:35:58 desktop kernel: ACPI: Reserving IVRS table memory at [mem 0xdd6d14c0-0xdd6d158f]
Feb 01 09:35:58 desktop kernel: ACPI: Reserving SSDT table memory at [mem 0xdd6d1590-0xdd6d2fd0]
Feb 01 09:35:58 desktop kernel: ACPI: Reserving SSDT table memory at [mem 0xdd6d2fd8-0xdd6d30cf]
Feb 01 09:35:58 desktop kernel: ACPI: Reserving WSMT table memory at [mem 0xdd6d30d0-0xdd6d30f7]
Feb 01 09:35:58 desktop kernel: system APIC only can use physical flat
Feb 01 09:35:58 desktop kernel: APIC: Switched APIC routing to: physical flat
Feb 01 09:35:58 desktop kernel: No NUMA configuration found
Feb 01 09:35:58 desktop kernel: Faking a node at [mem 0x0000000000000000-0x0000000c1f37ffff]
Feb 01 09:35:58 desktop kernel: NODE_DATA(0) allocated [mem 0xc1f37a000-0xc1f37ffff]
Feb 01 09:35:58 desktop kernel: Zone ranges:
Feb 01 09:35:58 desktop kernel:   DMA      [mem 0x0000000000001000-0x0000000000ffffff]
Feb 01 09:35:58 desktop kernel:   DMA32    [mem 0x0000000001000000-0x00000000ffffffff]
Feb 01 09:35:58 desktop kernel:   Normal   [mem 0x0000000100000000-0x0000000c1f37ffff]
Feb 01 09:35:58 desktop kernel:   Device   empty
Feb 01 09:35:58 desktop kernel: Movable zone start for each node
Feb 01 09:35:58 desktop kernel: Early memory node ranges
Feb 01 09:35:58 desktop kernel:   node   0: [mem 0x0000000000001000-0x000000000009ffff]
Feb 01 09:35:58 desktop kernel:   node   0: [mem 0x0000000000100000-0x0000000009d7ffff]
Feb 01 09:35:58 desktop kernel:   node   0: [mem 0x000000000a000000-0x000000000a1fffff]
Feb 01 09:35:58 desktop kernel:   node   0: [mem 0x000000000a20a000-0x000000000affffff]
Feb 01 09:35:58 desktop kernel:   node   0: [mem 0x000000000b020000-0x00000000dd03bfff]
Feb 01 09:35:58 desktop kernel:   node   0: [mem 0x00000000de65b000-0x00000000deffffff]
Feb 01 09:35:58 desktop kernel:   node   0: [mem 0x0000000100000000-0x0000000c1f37ffff]
Feb 01 09:35:58 desktop kernel: Initmem setup node 0 [mem 0x0000000000001000-0x0000000c1f37ffff]
Feb 01 09:35:58 desktop kernel: On node 0, zone DMA: 1 pages in unavailable ranges
Feb 01 09:35:58 desktop kernel: On node 0, zone DMA: 96 pages in unavailable ranges
Feb 01 09:35:58 desktop kernel: On node 0, zone DMA32: 640 pages in unavailable ranges
Feb 01 09:35:58 desktop kernel: On node 0, zone DMA32: 10 pages in unavailable ranges
Feb 01 09:35:58 desktop kernel: On node 0, zone DMA32: 32 pages in unavailable ranges
Feb 01 09:35:58 desktop kernel: On node 0, zone DMA32: 5663 pages in unavailable ranges
Feb 01 09:35:58 desktop kernel: On node 0, zone Normal: 4096 pages in unavailable ranges
Feb 01 09:35:58 desktop kernel: On node 0, zone Normal: 3200 pages in unavailable ranges
Feb 01 09:35:58 desktop kernel: ACPI: PM-Timer IO Port: 0x808
Feb 01 09:35:58 desktop kernel: system APIC only can use physical flat
Feb 01 09:35:58 desktop kernel: ACPI: LAPIC_NMI (acpi_id[0xff] high edge lint[0x1])
Feb 01 09:35:58 desktop kernel: IOAPIC[0]: apic_id 17, version 33, address 0xfec00000, GSI 0-23
Feb 01 09:35:58 desktop kernel: IOAPIC[1]: apic_id 18, version 33, address 0xfec01000, GSI 24-55
Feb 01 09:35:58 desktop kernel: ACPI: INT_SRC_OVR (bus 0 bus_irq 0 global_irq 2 dfl dfl)
Feb 01 09:35:58 desktop kernel: ACPI: INT_SRC_OVR (bus 0 bus_irq 9 global_irq 9 low level)
Feb 01 09:35:58 desktop kernel: ACPI: Using ACPI (MADT) for SMP configuration information
Feb 01 09:35:58 desktop kernel: ACPI: HPET id: 0x10228201 base: 0xfed00000
Feb 01 09:35:58 desktop kernel: smpboot: Allowing 16 CPUs, 0 hotplug CPUs
Feb 01 09:35:58 desktop kernel: PM: hibernation: Registered nosave memory: [mem 0x00000000-0x00000fff]
Feb 01 09:35:58 desktop kernel: PM: hibernation: Registered nosave memory: [mem 0x000a0000-0x000fffff]
Feb 01 09:35:58 desktop kernel: PM: hibernation: Registered nosave memory: [mem 0x09d80000-0x09ffffff]
Feb 01 09:35:58 desktop kernel: PM: hibernation: Registered nosave memory: [mem 0x0a200000-0x0a209fff]
Feb 01 09:35:58 desktop kernel: PM: hibernation: Registered nosave memory: [mem 0x0b000000-0x0b01ffff]
Feb 01 09:35:58 desktop kernel: PM: hibernation: Registered nosave memory: [mem 0xca617000-0xca617fff]
Feb 01 09:35:58 desktop kernel: PM: hibernation: Registered nosave memory: [mem 0xca634000-0xca634fff]
Feb 01 09:35:58 desktop kernel: PM: hibernation: Registered nosave memory: [mem 0xca635000-0xca635fff]
Feb 01 09:35:58 desktop kernel: PM: hibernation: Registered nosave memory: [mem 0xca643000-0xca643fff]
Feb 01 09:35:58 desktop kernel: PM: hibernation: Registered nosave memory: [mem 0xd8e44000-0xd8e44fff]
Feb 01 09:35:58 desktop kernel: PM: hibernation: Registered nosave memory: [mem 0xdd03c000-0xdd1a4fff]
Feb 01 09:35:58 desktop kernel: PM: hibernation: Registered nosave memory: [mem 0xdd1a5000-0xdd221fff]
Feb 01 09:35:58 desktop kernel: PM: hibernation: Registered nosave memory: [mem 0xdd222000-0xdd73afff]
Feb 01 09:35:58 desktop kernel: PM: hibernation: Registered nosave memory: [mem 0xdd73b000-0xde65afff]
Feb 01 09:35:58 desktop kernel: PM: hibernation: Registered nosave memory: [mem 0xdf000000-0xdfffffff]
Feb 01 09:35:58 desktop kernel: PM: hibernation: Registered nosave memory: [mem 0xe0000000-0xfe9fffff]
Feb 01 09:35:58 desktop kernel: PM: hibernation: Registered nosave memory: [mem 0xfea00000-0xfea0ffff]
Feb 01 09:35:58 desktop kernel: PM: hibernation: Registered nosave memory: [mem 0xfea10000-0xfec0ffff]
Feb 01 09:35:58 desktop kernel: PM: hibernation: Registered nosave memory: [mem 0xfec10000-0xfec10fff]
Feb 01 09:35:58 desktop kernel: PM: hibernation: Registered nosave memory: [mem 0xfec11000-0xfec2ffff]
Feb 01 09:35:58 desktop kernel: PM: hibernation: Registered nosave memory: [mem 0xfec30000-0xfec30fff]
Feb 01 09:35:58 desktop kernel: PM: hibernation: Registered nosave memory: [mem 0xfec31000-0xfecfffff]
Feb 01 09:35:58 desktop kernel: PM: hibernation: Registered nosave memory: [mem 0xfed00000-0xfed00fff]
Feb 01 09:35:58 desktop kernel: PM: hibernation: Registered nosave memory: [mem 0xfed01000-0xfed3ffff]
Feb 01 09:35:58 desktop kernel: PM: hibernation: Registered nosave memory: [mem 0xfed40000-0xfed44fff]
Feb 01 09:35:58 desktop kernel: PM: hibernation: Registered nosave memory: [mem 0xfed45000-0xfed7ffff]
Feb 01 09:35:58 desktop kernel: PM: hibernation: Registered nosave memory: [mem 0xfed80000-0xfed8ffff]
Feb 01 09:35:58 desktop kernel: PM: hibernation: Registered nosave memory: [mem 0xfed90000-0xfedc1fff]
Feb 01 09:35:58 desktop kernel: PM: hibernation: Registered nosave memory: [mem 0xfedc2000-0xfedcffff]
Feb 01 09:35:58 desktop kernel: PM: hibernation: Registered nosave memory: [mem 0xfedd0000-0xfedd3fff]
Feb 01 09:35:58 desktop kernel: PM: hibernation: Registered nosave memory: [mem 0xfedd4000-0xfedd5fff]
Feb 01 09:35:58 desktop kernel: PM: hibernation: Registered nosave memory: [mem 0xfedd6000-0xffffffff]
Feb 01 09:35:58 desktop kernel: [mem 0xe0000000-0xfe9fffff] available for PCI devices
Feb 01 09:35:58 desktop kernel: Booting paravirtualized kernel on bare hardware
Feb 01 09:35:58 desktop kernel: clocksource: refined-jiffies: mask: 0xffffffff max_cycles: 0xffffffff, max_idle_ns: 1910969940391419 ns
Feb 01 09:35:58 desktop kernel: setup_percpu: NR_CPUS:384 nr_cpumask_bits:16 nr_cpu_ids:16 nr_node_ids:1
Feb 01 09:35:58 desktop kernel: percpu: Embedded 84 pages/cpu s221184 r8192 d114688 u524288
Feb 01 09:35:58 desktop kernel: pcpu-alloc: s221184 r8192 d114688 u524288 alloc=1*2097152
Feb 01 09:35:58 desktop kernel: pcpu-alloc: [0] 00 01 02 03 [0] 04 05 06 07 
Feb 01 09:35:58 desktop kernel: pcpu-alloc: [0] 08 09 10 11 [0] 12 13 14 15 
Feb 01 09:35:58 desktop kernel: Kernel command line: BOOT_IMAGE=(hd1,gpt3)//kernels/wq9p72nzcmciwj7ng1qlz0nkgiigapzj-linux-6.7.1-bzImage init=/nix/store/clxny0wandpp2fz1zxd750s6rx5z01yp-nixos-system-desktop-23.11.3409.d7f206b723e4/init splash loglevel=4
Feb 01 09:35:58 desktop kernel: Unknown kernel command line parameters "splash BOOT_IMAGE=(hd1,gpt3)//kernels/wq9p72nzcmciwj7ng1qlz0nkgiigapzj-linux-6.7.1-bzImage", will be passed to user space.
Feb 01 09:35:58 desktop kernel: Dentry cache hash table entries: 8388608 (order: 14, 67108864 bytes, linear)
Feb 01 09:35:58 desktop kernel: Inode-cache hash table entries: 4194304 (order: 13, 33554432 bytes, linear)
Feb 01 09:35:58 desktop kernel: Fallback order for Node 0: 0 
Feb 01 09:35:58 desktop kernel: Built 1 zonelists, mobility grouping on.  Total pages: 12372620
Feb 01 09:35:58 desktop kernel: Policy zone: Normal
Feb 01 09:35:58 desktop kernel: mem auto-init: stack:all(zero), heap alloc:off, heap free:off
Feb 01 09:35:58 desktop kernel: software IO TLB: area num 16.
Feb 01 09:35:58 desktop kernel: Memory: 49182488K/50276696K available (14336K kernel code, 2318K rwdata, 9404K rodata, 2984K init, 2928K bss, 1093948K reserved, 0K cma-reserved)
Feb 01 09:35:58 desktop kernel: SLUB: HWalign=64, Order=0-3, MinObjects=0, CPUs=16, Nodes=1
Feb 01 09:35:58 desktop kernel: ftrace: allocating 40172 entries in 157 pages
Feb 01 09:35:58 desktop kernel: ftrace: allocated 157 pages with 5 groups
Feb 01 09:35:58 desktop kernel: Dynamic Preempt: voluntary
Feb 01 09:35:58 desktop kernel: rcu: Preemptible hierarchical RCU implementation.
Feb 01 09:35:58 desktop kernel: rcu:         RCU event tracing is enabled.
Feb 01 09:35:58 desktop kernel: rcu:         RCU restricting CPUs from NR_CPUS=384 to nr_cpu_ids=16.
Feb 01 09:35:58 desktop kernel:         Trampoline variant of Tasks RCU enabled.
Feb 01 09:35:58 desktop kernel:         Rude variant of Tasks RCU enabled.
Feb 01 09:35:58 desktop kernel:         Tracing variant of Tasks RCU enabled.
Feb 01 09:35:58 desktop kernel: rcu: RCU calculated value of scheduler-enlistment delay is 100 jiffies.
Feb 01 09:35:58 desktop kernel: rcu: Adjusting geometry for rcu_fanout_leaf=16, nr_cpu_ids=16
Feb 01 09:35:58 desktop kernel: NR_IRQS: 24832, nr_irqs: 1096, preallocated irqs: 16
Feb 01 09:35:58 desktop kernel: rcu: srcu_init: Setting srcu_struct sizes based on contention.
Feb 01 09:35:58 desktop kernel: Console: colour dummy device 80x25
Feb 01 09:35:58 desktop kernel: printk: legacy console [tty0] enabled
Feb 01 09:35:58 desktop kernel: ACPI: Core revision 20230628
Feb 01 09:35:58 desktop kernel: clocksource: hpet: mask: 0xffffffff max_cycles: 0xffffffff, max_idle_ns: 133484873504 ns
Feb 01 09:35:58 desktop kernel: APIC: Switch to symmetric I/O mode setup
Feb 01 09:35:58 desktop kernel: AMD-Vi: Using global IVHD EFR:0xf77ef22294ada, EFR2:0x0
Feb 01 09:35:58 desktop kernel: ..TIMER: vector=0x30 apic1=0 pin1=2 apic2=-1 pin2=-1
Feb 01 09:35:58 desktop kernel: tsc: PIT calibration matches HPET. 2 loops
Feb 01 09:35:58 desktop kernel: tsc: Detected 3599.541 MHz processor
Feb 01 09:35:58 desktop kernel: clocksource: tsc-early: mask: 0xffffffffffffffff max_cycles: 0x33e2a1cd6dc, max_idle_ns: 440795301686 ns
Feb 01 09:35:58 desktop kernel: Calibrating delay loop (skipped), value calculated using timer frequency.. 7199.08 BogoMIPS (lpj=3599541)
Feb 01 09:35:58 desktop kernel: AMD Zen1 DIV0 bug detected. Disable SMT for full protection.
Feb 01 09:35:58 desktop kernel: LVT offset 1 assigned for vector 0xf9
Feb 01 09:35:58 desktop kernel: LVT offset 2 assigned for vector 0xf4
Feb 01 09:35:58 desktop kernel: Last level iTLB entries: 4KB 1024, 2MB 1024, 4MB 512
Feb 01 09:35:58 desktop kernel: Last level dTLB entries: 4KB 1536, 2MB 1536, 4MB 768, 1GB 0
Feb 01 09:35:58 desktop kernel: Spectre V1 : Mitigation: usercopy/swapgs barriers and __user pointer sanitization
Feb 01 09:35:58 desktop kernel: Spectre V2 : Mitigation: Retpolines
Feb 01 09:35:58 desktop kernel: Spectre V2 : Spectre v2 / SpectreRSB mitigation: Filling RSB on context switch
Feb 01 09:35:58 desktop kernel: Spectre V2 : Spectre v2 / SpectreRSB : Filling RSB on VMEXIT
Feb 01 09:35:58 desktop kernel: Spectre V2 : Enabling Speculation Barrier for firmware calls
Feb 01 09:35:58 desktop kernel: RETBleed: Mitigation: untrained return thunk
Feb 01 09:35:58 desktop kernel: Spectre V2 : mitigation: Enabling conditional Indirect Branch Prediction Barrier
Feb 01 09:35:58 desktop kernel: Speculative Store Bypass: Mitigation: Speculative Store Bypass disabled via prctl
Feb 01 09:35:58 desktop kernel: Speculative Return Stack Overflow: Mitigation: Safe RET
Feb 01 09:35:58 desktop kernel: x86/fpu: Supporting XSAVE feature 0x001: 'x87 floating point registers'
Feb 01 09:35:58 desktop kernel: x86/fpu: Supporting XSAVE feature 0x002: 'SSE registers'
Feb 01 09:35:58 desktop kernel: x86/fpu: Supporting XSAVE feature 0x004: 'AVX registers'
Feb 01 09:35:58 desktop kernel: x86/fpu: xstate_offset[2]:  576, xstate_sizes[2]:  256
Feb 01 09:35:58 desktop kernel: x86/fpu: Enabled xstate features 0x7, context size is 832 bytes, using 'compacted' format.
Feb 01 09:35:58 desktop kernel: Freeing SMP alternatives memory: 36K
Feb 01 09:35:58 desktop kernel: pid_max: default: 32768 minimum: 301
Feb 01 09:35:58 desktop kernel: LSM: initializing lsm=capability,landlock,yama,selinux,bpf,integrity
Feb 01 09:35:58 desktop kernel: landlock: Up and running.
Feb 01 09:35:58 desktop kernel: Yama: becoming mindful.
Feb 01 09:35:58 desktop kernel: SELinux:  Initializing.
Feb 01 09:35:58 desktop kernel: LSM support for eBPF active
Feb 01 09:35:58 desktop kernel: Mount-cache hash table entries: 131072 (order: 8, 1048576 bytes, linear)
Feb 01 09:35:58 desktop kernel: Mountpoint-cache hash table entries: 131072 (order: 8, 1048576 bytes, linear)
Feb 01 09:35:58 desktop kernel: smpboot: CPU0: AMD Ryzen 7 1800X Eight-Core Processor (family: 0x17, model: 0x1, stepping: 0x1)
Feb 01 09:35:58 desktop kernel: RCU Tasks: Setting shift to 4 and lim to 1 rcu_task_cb_adjust=1.
Feb 01 09:35:58 desktop kernel: RCU Tasks Rude: Setting shift to 4 and lim to 1 rcu_task_cb_adjust=1.
Feb 01 09:35:58 desktop kernel: RCU Tasks Trace: Setting shift to 4 and lim to 1 rcu_task_cb_adjust=1.
Feb 01 09:35:58 desktop kernel: Performance Events: Fam17h+ core perfctr, AMD PMU driver.
Feb 01 09:35:58 desktop kernel: ... version:                0
Feb 01 09:35:58 desktop kernel: ... bit width:              48
Feb 01 09:35:58 desktop kernel: ... generic registers:      6
Feb 01 09:35:58 desktop kernel: ... value mask:             0000ffffffffffff
Feb 01 09:35:58 desktop kernel: ... max period:             00007fffffffffff
Feb 01 09:35:58 desktop kernel: ... fixed-purpose events:   0
Feb 01 09:35:58 desktop kernel: ... event mask:             000000000000003f
Feb 01 09:35:58 desktop kernel: signal: max sigframe size: 1776
Feb 01 09:35:58 desktop kernel: rcu: Hierarchical SRCU implementation.
Feb 01 09:35:58 desktop kernel: rcu:         Max phase no-delay instances is 400.
Feb 01 09:35:58 desktop kernel: smp: Bringing up secondary CPUs ...
Feb 01 09:35:58 desktop kernel: smpboot: x86: Booting SMP configuration:
Feb 01 09:35:58 desktop kernel: .... node  #0, CPUs:        #2  #4  #6  #8 #10 #12 #14  #1  #3  #5  #7  #9 #11 #13 #15
Feb 01 09:35:58 desktop kernel: smp: Brought up 1 node, 16 CPUs
Feb 01 09:35:58 desktop kernel: smpboot: Max logical packages: 1
Feb 01 09:35:58 desktop kernel: smpboot: Total of 16 processors activated (115185.31 BogoMIPS)
Feb 01 09:35:58 desktop kernel: devtmpfs: initialized
Feb 01 09:35:58 desktop kernel: x86/mm: Memory block size: 128MB
Feb 01 09:35:58 desktop kernel: ACPI: PM: Registering ACPI NVS region [mem 0x0a200000-0x0a209fff] (40960 bytes)
Feb 01 09:35:58 desktop kernel: ACPI: PM: Registering ACPI NVS region [mem 0xdd222000-0xdd73afff] (5345280 bytes)
Feb 01 09:35:58 desktop kernel: clocksource: jiffies: mask: 0xffffffff max_cycles: 0xffffffff, max_idle_ns: 1911260446275000 ns
Feb 01 09:35:58 desktop kernel: futex hash table entries: 4096 (order: 6, 262144 bytes, linear)
Feb 01 09:35:58 desktop kernel: pinctrl core: initialized pinctrl subsystem
Feb 01 09:35:58 desktop kernel: NET: Registered PF_NETLINK/PF_ROUTE protocol family
Feb 01 09:35:58 desktop kernel: DMA: preallocated 4096 KiB GFP_KERNEL pool for atomic allocations
Feb 01 09:35:58 desktop kernel: DMA: preallocated 4096 KiB GFP_KERNEL|GFP_DMA pool for atomic allocations
Feb 01 09:35:58 desktop kernel: DMA: preallocated 4096 KiB GFP_KERNEL|GFP_DMA32 pool for atomic allocations
Feb 01 09:35:58 desktop kernel: audit: initializing netlink subsys (disabled)
Feb 01 09:35:58 desktop kernel: audit: type=2000 audit(1706776553.164:1): state=initialized audit_enabled=0 res=1
Feb 01 09:35:58 desktop kernel: thermal_sys: Registered thermal governor 'bang_bang'
Feb 01 09:35:58 desktop kernel: thermal_sys: Registered thermal governor 'step_wise'
Feb 01 09:35:58 desktop kernel: thermal_sys: Registered thermal governor 'user_space'
Feb 01 09:35:58 desktop kernel: cpuidle: using governor menu
Feb 01 09:35:58 desktop kernel: acpiphp: ACPI Hot Plug PCI Controller Driver version: 0.5
Feb 01 09:35:58 desktop kernel: PCI: MMCONFIG for domain 0000 [bus 00-3f] at [mem 0xf8000000-0xfbffffff] (base 0xf8000000)
Feb 01 09:35:58 desktop kernel: PCI: not using MMCONFIG
Feb 01 09:35:58 desktop kernel: PCI: Using configuration type 1 for base access
Feb 01 09:35:58 desktop kernel: PCI: Using configuration type 1 for extended access
Feb 01 09:35:58 desktop kernel: kprobes: kprobe jump-optimization is enabled. All kprobes are optimized if possible.
Feb 01 09:35:58 desktop kernel: HugeTLB: registered 1.00 GiB page size, pre-allocated 0 pages
Feb 01 09:35:58 desktop kernel: HugeTLB: 16380 KiB vmemmap can be freed for a 1.00 GiB page
Feb 01 09:35:58 desktop kernel: HugeTLB: registered 2.00 MiB page size, pre-allocated 0 pages
Feb 01 09:35:58 desktop kernel: HugeTLB: 28 KiB vmemmap can be freed for a 2.00 MiB page
Feb 01 09:35:58 desktop kernel: ACPI: Added _OSI(Module Device)
Feb 01 09:35:58 desktop kernel: ACPI: Added _OSI(Processor Device)
Feb 01 09:35:58 desktop kernel: ACPI: Added _OSI(3.0 _SCP Extensions)
Feb 01 09:35:58 desktop kernel: ACPI: Added _OSI(Processor Aggregator Device)
Feb 01 09:35:58 desktop kernel: ACPI: 7 ACPI AML tables successfully acquired and loaded
Feb 01 09:35:58 desktop kernel: ACPI: [Firmware Bug]: BIOS _OSI(Linux) query ignored
Feb 01 09:35:58 desktop kernel: ACPI: _OSC evaluation for CPUs failed, trying _PDC
Feb 01 09:35:58 desktop kernel: ACPI: Interpreter enabled
Feb 01 09:35:58 desktop kernel: ACPI: PM: (supports S0 S3 S4 S5)
Feb 01 09:35:58 desktop kernel: ACPI: Using IOAPIC for interrupt routing
Feb 01 09:35:58 desktop kernel: PCI: MMCONFIG for domain 0000 [bus 00-3f] at [mem 0xf8000000-0xfbffffff] (base 0xf8000000)
Feb 01 09:35:58 desktop kernel: PCI: MMCONFIG at [mem 0xf8000000-0xfbffffff] reserved as ACPI motherboard resource
Feb 01 09:35:58 desktop kernel: PCI: Using host bridge windows from ACPI; if necessary, use "pci=nocrs" and report a bug
Feb 01 09:35:58 desktop kernel: PCI: Using E820 reservations for host bridge windows
Feb 01 09:35:58 desktop kernel: ACPI: Enabled 2 GPEs in block 00 to 1F
Feb 01 09:35:58 desktop kernel: ACPI: PCI Root Bridge [PCI0] (domain 0000 [bus 00-ff])
Feb 01 09:35:58 desktop kernel: acpi PNP0A08:00: _OSC: OS supports [ExtendedConfig ASPM ClockPM Segments MSI HPX-Type3]
Feb 01 09:35:58 desktop kernel: acpi PNP0A08:00: _OSC: platform does not support [LTR]
Feb 01 09:35:58 desktop kernel: acpi PNP0A08:00: _OSC: OS now controls [PCIeHotplug PME PCIeCapability]
Feb 01 09:35:58 desktop kernel: acpi PNP0A08:00: [Firmware Info]: MMCONFIG for domain 0000 [bus 00-3f] only partially covers this bridge
Feb 01 09:35:58 desktop kernel: PCI host bridge to bus 0000:00
Feb 01 09:35:58 desktop kernel: pci_bus 0000:00: root bus resource [io  0x0000-0x03af window]
Feb 01 09:35:58 desktop kernel: pci_bus 0000:00: root bus resource [io  0x03e0-0x0cf7 window]
Feb 01 09:35:58 desktop kernel: pci_bus 0000:00: root bus resource [io  0x03b0-0x03df window]
Feb 01 09:35:58 desktop kernel: pci_bus 0000:00: root bus resource [io  0x0d00-0xffff window]
Feb 01 09:35:58 desktop kernel: pci_bus 0000:00: root bus resource [mem 0x000a0000-0x000dffff window]
Feb 01 09:35:58 desktop kernel: pci_bus 0000:00: root bus resource [mem 0xe0000000-0xfec2ffff window]
Feb 01 09:35:58 desktop kernel: pci_bus 0000:00: root bus resource [mem 0xfee00000-0xffffffff window]
Feb 01 09:35:58 desktop kernel: pci_bus 0000:00: root bus resource [bus 00-ff]
Feb 01 09:35:58 desktop kernel: pci 0000:00:00.0: [1022:1450] type 00 class 0x060000
Feb 01 09:35:58 desktop kernel: pci 0000:00:00.2: [1022:1451] type 00 class 0x080600
Feb 01 09:35:58 desktop kernel: pci 0000:00:01.0: [1022:1452] type 00 class 0x060000
Feb 01 09:35:58 desktop kernel: pci 0000:00:01.1: [1022:1453] type 01 class 0x060400
Feb 01 09:35:58 desktop kernel: pci 0000:00:01.1: PME# supported from D0 D3hot D3cold
Feb 01 09:35:58 desktop kernel: pci 0000:00:01.3: [1022:1453] type 01 class 0x060400
Feb 01 09:35:58 desktop kernel: pci 0000:00:01.3: PME# supported from D0 D3hot D3cold
Feb 01 09:35:58 desktop kernel: pci 0000:00:02.0: [1022:1452] type 00 class 0x060000
Feb 01 09:35:58 desktop kernel: pci 0000:00:03.0: [1022:1452] type 00 class 0x060000
Feb 01 09:35:58 desktop kernel: pci 0000:00:03.1: [1022:1453] type 01 class 0x060400
Feb 01 09:35:58 desktop kernel: pci 0000:00:03.1: PME# supported from D0 D3hot D3cold
Feb 01 09:35:58 desktop kernel: pci 0000:00:04.0: [1022:1452] type 00 class 0x060000
Feb 01 09:35:58 desktop kernel: pci 0000:00:07.0: [1022:1452] type 00 class 0x060000
Feb 01 09:35:58 desktop kernel: pci 0000:00:07.1: [1022:1454] type 01 class 0x060400
Feb 01 09:35:58 desktop kernel: pci 0000:00:07.1: enabling Extended Tags
Feb 01 09:35:58 desktop kernel: pci 0000:00:07.1: PME# supported from D0 D3hot D3cold
Feb 01 09:35:58 desktop kernel: pci 0000:00:08.0: [1022:1452] type 00 class 0x060000
Feb 01 09:35:58 desktop kernel: pci 0000:00:08.1: [1022:1454] type 01 class 0x060400
Feb 01 09:35:58 desktop kernel: pci 0000:00:08.1: enabling Extended Tags
Feb 01 09:35:58 desktop kernel: pci 0000:00:08.1: PME# supported from D0 D3hot D3cold
Feb 01 09:35:58 desktop kernel: pci 0000:00:14.0: [1022:790b] type 00 class 0x0c0500
Feb 01 09:35:58 desktop kernel: pci 0000:00:14.3: [1022:790e] type 00 class 0x060100
Feb 01 09:35:58 desktop kernel: pci 0000:00:18.0: [1022:1460] type 00 class 0x060000
Feb 01 09:35:58 desktop kernel: pci 0000:00:18.1: [1022:1461] type 00 class 0x060000
Feb 01 09:35:58 desktop kernel: pci 0000:00:18.2: [1022:1462] type 00 class 0x060000
Feb 01 09:35:58 desktop kernel: pci 0000:00:18.3: [1022:1463] type 00 class 0x060000
Feb 01 09:35:58 desktop kernel: pci 0000:00:18.4: [1022:1464] type 00 class 0x060000
Feb 01 09:35:58 desktop kernel: pci 0000:00:18.5: [1022:1465] type 00 class 0x060000
Feb 01 09:35:58 desktop kernel: pci 0000:00:18.6: [1022:1466] type 00 class 0x060000
Feb 01 09:35:58 desktop kernel: pci 0000:00:18.7: [1022:1467] type 00 class 0x060000
Feb 01 09:35:58 desktop kernel: pci 0000:01:00.0: [144d:a808] type 00 class 0x010802
Feb 01 09:35:58 desktop kernel: pci 0000:01:00.0: reg 0x10: [mem 0xfd000000-0xfd003fff 64bit]
Feb 01 09:35:58 desktop kernel: pci 0000:00:01.1: PCI bridge to [bus 01]
Feb 01 09:35:58 desktop kernel: pci 0000:00:01.1:   bridge window [mem 0xfd000000-0xfd0fffff]
Feb 01 09:35:58 desktop kernel: pci 0000:03:00.0: [1022:43d0] type 00 class 0x0c0330
Feb 01 09:35:58 desktop kernel: pci 0000:03:00.0: reg 0x10: [mem 0xfc8a0000-0xfc8a7fff 64bit]
Feb 01 09:35:58 desktop kernel: pci 0000:03:00.0: PME# supported from D3hot D3cold
Feb 01 09:35:58 desktop kernel: pci 0000:03:00.1: [1022:43c8] type 00 class 0x010601
Feb 01 09:35:58 desktop kernel: pci 0000:03:00.1: reg 0x24: [mem 0xfc880000-0xfc89ffff]
Feb 01 09:35:58 desktop kernel: pci 0000:03:00.1: reg 0x30: [mem 0xfc800000-0xfc87ffff pref]
Feb 01 09:35:58 desktop kernel: pci 0000:03:00.1: PME# supported from D3hot D3cold
Feb 01 09:35:58 desktop kernel: pci 0000:03:00.2: [1022:43c6] type 01 class 0x060400
Feb 01 09:35:58 desktop kernel: pci 0000:03:00.2: PME# supported from D3hot D3cold
Feb 01 09:35:58 desktop kernel: pci 0000:00:01.3: PCI bridge to [bus 03-1c]
Feb 01 09:35:58 desktop kernel: pci 0000:00:01.3:   bridge window [io  0xd000-0xefff]
Feb 01 09:35:58 desktop kernel: pci 0000:00:01.3:   bridge window [mem 0xfc400000-0xfc8fffff]
Feb 01 09:35:58 desktop kernel: pci 0000:16:00.0: [1022:43c7] type 01 class 0x060400
Feb 01 09:35:58 desktop kernel: pci 0000:16:00.0: PME# supported from D3hot D3cold
Feb 01 09:35:58 desktop kernel: pci 0000:16:01.0: [1022:43c7] type 01 class 0x060400
Feb 01 09:35:58 desktop kernel: pci 0000:16:01.0: PME# supported from D3hot D3cold
Feb 01 09:35:58 desktop kernel: pci 0000:16:02.0: [1022:43c7] type 01 class 0x060400
Feb 01 09:35:58 desktop kernel: pci 0000:16:02.0: PME# supported from D3hot D3cold
Feb 01 09:35:58 desktop kernel: pci 0000:16:03.0: [1022:43c7] type 01 class 0x060400
Feb 01 09:35:58 desktop kernel: pci 0000:16:03.0: PME# supported from D3hot D3cold
Feb 01 09:35:58 desktop kernel: pci 0000:16:04.0: [1022:43c7] type 01 class 0x060400
Feb 01 09:35:58 desktop kernel: pci 0000:16:04.0: PME# supported from D3hot D3cold
Feb 01 09:35:58 desktop kernel: pci 0000:16:08.0: [1022:43c7] type 01 class 0x060400
Feb 01 09:35:58 desktop kernel: pci 0000:16:08.0: PME# supported from D3hot D3cold
Feb 01 09:35:58 desktop kernel: pci 0000:03:00.2: PCI bridge to [bus 16-1c]
Feb 01 09:35:58 desktop kernel: pci 0000:03:00.2:   bridge window [io  0xd000-0xefff]
Feb 01 09:35:58 desktop kernel: pci 0000:03:00.2:   bridge window [mem 0xfc400000-0xfc7fffff]
Feb 01 09:35:58 desktop kernel: pci 0000:16:00.0: PCI bridge to [bus 17]
Feb 01 09:35:58 desktop kernel: pci 0000:18:00.0: [10ec:8168] type 00 class 0x020000
Feb 01 09:35:58 desktop kernel: pci 0000:18:00.0: reg 0x10: [io  0xe000-0xe0ff]
Feb 01 09:35:58 desktop kernel: pci 0000:18:00.0: reg 0x18: [mem 0xfc704000-0xfc704fff 64bit]
Feb 01 09:35:58 desktop kernel: pci 0000:18:00.0: reg 0x20: [mem 0xfc700000-0xfc703fff 64bit]
Feb 01 09:35:58 desktop kernel: pci 0000:18:00.0: supports D1 D2
Feb 01 09:35:58 desktop kernel: pci 0000:18:00.0: PME# supported from D0 D1 D2 D3hot D3cold
Feb 01 09:35:58 desktop kernel: pci 0000:16:01.0: PCI bridge to [bus 18]
Feb 01 09:35:58 desktop kernel: pci 0000:16:01.0:   bridge window [io  0xe000-0xefff]
Feb 01 09:35:58 desktop kernel: pci 0000:16:01.0:   bridge window [mem 0xfc700000-0xfc7fffff]
Feb 01 09:35:58 desktop kernel: pci 0000:19:00.0: [10ec:818b] type 00 class 0x028000
Feb 01 09:35:58 desktop kernel: pci 0000:19:00.0: reg 0x10: [io  0xd000-0xd0ff]
Feb 01 09:35:58 desktop kernel: pci 0000:19:00.0: reg 0x18: [mem 0xfc600000-0xfc603fff 64bit]
Feb 01 09:35:58 desktop kernel: pci 0000:19:00.0: supports D1 D2
Feb 01 09:35:58 desktop kernel: pci 0000:19:00.0: PME# supported from D0 D1 D2 D3hot D3cold
Feb 01 09:35:58 desktop kernel: pci 0000:16:02.0: PCI bridge to [bus 19]
Feb 01 09:35:58 desktop kernel: pci 0000:16:02.0:   bridge window [io  0xd000-0xdfff]
Feb 01 09:35:58 desktop kernel: pci 0000:16:02.0:   bridge window [mem 0xfc600000-0xfc6fffff]
Feb 01 09:35:58 desktop kernel: pci 0000:16:03.0: PCI bridge to [bus 1a]
Feb 01 09:35:58 desktop kernel: pci 0000:1b:00.0: [1987:5012] type 00 class 0x010802
Feb 01 09:35:58 desktop kernel: pci 0000:1b:00.0: reg 0x10: [mem 0xfc500000-0xfc503fff 64bit]
Feb 01 09:35:58 desktop kernel: pci 0000:1b:00.0: 8.000 Gb/s available PCIe bandwidth, limited by 5.0 GT/s PCIe x2 link at 0000:16:04.0 (capable of 31.504 Gb/s with 8.0 GT/s PCIe x4 link)
Feb 01 09:35:58 desktop kernel: pci 0000:16:04.0: PCI bridge to [bus 1b]
Feb 01 09:35:58 desktop kernel: pci 0000:16:04.0:   bridge window [mem 0xfc500000-0xfc5fffff]
Feb 01 09:35:58 desktop kernel: pci 0000:1c:00.0: [1b21:1242] type 00 class 0x0c0330
Feb 01 09:35:58 desktop kernel: pci 0000:1c:00.0: reg 0x10: [mem 0xfc400000-0xfc407fff 64bit]
Feb 01 09:35:58 desktop kernel: pci 0000:16:08.0: PCI bridge to [bus 1c]
Feb 01 09:35:58 desktop kernel: pci 0000:16:08.0:   bridge window [mem 0xfc400000-0xfc4fffff]
Feb 01 09:35:58 desktop kernel: pci 0000:1d:00.0: [1002:1478] type 01 class 0x060400
Feb 01 09:35:58 desktop kernel: pci 0000:1d:00.0: reg 0x10: [mem 0xfce00000-0xfce03fff]
Feb 01 09:35:58 desktop kernel: pci 0000:1d:00.0: PME# supported from D0 D3hot D3cold
Feb 01 09:35:58 desktop kernel: pci 0000:1d:00.0: 126.016 Gb/s available PCIe bandwidth, limited by 8.0 GT/s PCIe x16 link at 0000:00:03.1 (capable of 252.048 Gb/s with 16.0 GT/s PCIe x16 link)
Feb 01 09:35:58 desktop kernel: pci 0000:00:03.1: PCI bridge to [bus 1d-1f]
Feb 01 09:35:58 desktop kernel: pci 0000:00:03.1:   bridge window [io  0xf000-0xffff]
Feb 01 09:35:58 desktop kernel: pci 0000:00:03.1:   bridge window [mem 0xfcc00000-0xfcefffff]
Feb 01 09:35:58 desktop kernel: pci 0000:00:03.1:   bridge window [mem 0xe0000000-0xf01fffff 64bit pref]
Feb 01 09:35:58 desktop kernel: pci 0000:1e:00.0: [1002:1479] type 01 class 0x060400
Feb 01 09:35:58 desktop kernel: pci 0000:1e:00.0: PME# supported from D0 D3hot D3cold
Feb 01 09:35:58 desktop kernel: pci 0000:1d:00.0: PCI bridge to [bus 1e-1f]
Feb 01 09:35:58 desktop kernel: pci 0000:1d:00.0:   bridge window [io  0xf000-0xffff]
Feb 01 09:35:58 desktop kernel: pci 0000:1d:00.0:   bridge window [mem 0xfcc00000-0xfcdfffff]
Feb 01 09:35:58 desktop kernel: pci 0000:1d:00.0:   bridge window [mem 0xe0000000-0xf01fffff 64bit pref]
Feb 01 09:35:58 desktop kernel: pci 0000:1f:00.0: [1002:73df] type 00 class 0x030000
Feb 01 09:35:58 desktop kernel: pci 0000:1f:00.0: reg 0x10: [mem 0xe0000000-0xefffffff 64bit pref]
Feb 01 09:35:58 desktop kernel: pci 0000:1f:00.0: reg 0x18: [mem 0xf0000000-0xf01fffff 64bit pref]
Feb 01 09:35:58 desktop kernel: pci 0000:1f:00.0: reg 0x20: [io  0xf000-0xf0ff]
Feb 01 09:35:58 desktop kernel: pci 0000:1f:00.0: reg 0x24: [mem 0xfcc00000-0xfccfffff]
Feb 01 09:35:58 desktop kernel: pci 0000:1f:00.0: reg 0x30: [mem 0xfcd00000-0xfcd1ffff pref]
Feb 01 09:35:58 desktop kernel: pci 0000:1f:00.0: BAR 0: assigned to efifb
Feb 01 09:35:58 desktop kernel: pci 0000:1f:00.0: Video device with shadowed ROM at [mem 0x000c0000-0x000dffff]
Feb 01 09:35:58 desktop kernel: pci 0000:1f:00.0: PME# supported from D1 D2 D3hot D3cold
Feb 01 09:35:58 desktop kernel: pci 0000:1f:00.0: 126.016 Gb/s available PCIe bandwidth, limited by 8.0 GT/s PCIe x16 link at 0000:00:03.1 (capable of 252.048 Gb/s with 16.0 GT/s PCIe x16 link)
Feb 01 09:35:58 desktop kernel: pci 0000:1f:00.1: [1002:ab28] type 00 class 0x040300
Feb 01 09:35:58 desktop kernel: pci 0000:1f:00.1: reg 0x10: [mem 0xfcd20000-0xfcd23fff]
Feb 01 09:35:58 desktop kernel: pci 0000:1f:00.1: PME# supported from D1 D2 D3hot D3cold
Feb 01 09:35:58 desktop kernel: pci 0000:1e:00.0: PCI bridge to [bus 1f]
Feb 01 09:35:58 desktop kernel: pci 0000:1e:00.0:   bridge window [io  0xf000-0xffff]
Feb 01 09:35:58 desktop kernel: pci 0000:1e:00.0:   bridge window [mem 0xfcc00000-0xfcdfffff]
Feb 01 09:35:58 desktop kernel: pci 0000:1e:00.0:   bridge window [mem 0xe0000000-0xf01fffff 64bit pref]
Feb 01 09:35:58 desktop kernel: pci 0000:20:00.0: [1022:145a] type 00 class 0x130000
Feb 01 09:35:58 desktop kernel: pci 0000:20:00.0: enabling Extended Tags
Feb 01 09:35:58 desktop kernel: pci 0000:20:00.2: [1022:1456] type 00 class 0x108000
Feb 01 09:35:58 desktop kernel: pci 0000:20:00.2: reg 0x18: [mem 0xfca00000-0xfcafffff]
Feb 01 09:35:58 desktop kernel: pci 0000:20:00.2: reg 0x24: [mem 0xfcb00000-0xfcb01fff]
Feb 01 09:35:58 desktop kernel: pci 0000:20:00.2: enabling Extended Tags
Feb 01 09:35:58 desktop kernel: pci 0000:20:00.3: [1022:145c] type 00 class 0x0c0330
Feb 01 09:35:58 desktop kernel: pci 0000:20:00.3: reg 0x10: [mem 0xfc900000-0xfc9fffff 64bit]
Feb 01 09:35:58 desktop kernel: pci 0000:20:00.3: enabling Extended Tags
Feb 01 09:35:58 desktop kernel: pci 0000:20:00.3: PME# supported from D0 D3hot D3cold
Feb 01 09:35:58 desktop kernel: pci 0000:00:07.1: PCI bridge to [bus 20]
Feb 01 09:35:58 desktop kernel: pci 0000:00:07.1:   bridge window [mem 0xfc900000-0xfcbfffff]
Feb 01 09:35:58 desktop kernel: pci 0000:21:00.0: [1022:1455] type 00 class 0x130000
Feb 01 09:35:58 desktop kernel: pci 0000:21:00.0: enabling Extended Tags
Feb 01 09:35:58 desktop kernel: pci 0000:21:00.2: [1022:7901] type 00 class 0x010601
Feb 01 09:35:58 desktop kernel: pci 0000:21:00.2: reg 0x24: [mem 0xfcf08000-0xfcf08fff]
Feb 01 09:35:58 desktop kernel: pci 0000:21:00.2: enabling Extended Tags
Feb 01 09:35:58 desktop kernel: pci 0000:21:00.2: PME# supported from D3hot D3cold
Feb 01 09:35:58 desktop kernel: pci 0000:21:00.3: [1022:1457] type 00 class 0x040300
Feb 01 09:35:58 desktop kernel: pci 0000:21:00.3: reg 0x10: [mem 0xfcf00000-0xfcf07fff]
Feb 01 09:35:58 desktop kernel: pci 0000:21:00.3: enabling Extended Tags
Feb 01 09:35:58 desktop kernel: pci 0000:21:00.3: PME# supported from D0 D3hot D3cold
Feb 01 09:35:58 desktop kernel: pci 0000:00:08.1: PCI bridge to [bus 21]
Feb 01 09:35:58 desktop kernel: pci 0000:00:08.1:   bridge window [mem 0xfcf00000-0xfcffffff]
Feb 01 09:35:58 desktop kernel: ACPI: PCI: Interrupt link LNKA configured for IRQ 0
Feb 01 09:35:58 desktop kernel: ACPI: PCI: Interrupt link LNKB configured for IRQ 0
Feb 01 09:35:58 desktop kernel: ACPI: PCI: Interrupt link LNKC configured for IRQ 0
Feb 01 09:35:58 desktop kernel: ACPI: PCI: Interrupt link LNKD configured for IRQ 0
Feb 01 09:35:58 desktop kernel: ACPI: PCI: Interrupt link LNKE configured for IRQ 0
Feb 01 09:35:58 desktop kernel: ACPI: PCI: Interrupt link LNKF configured for IRQ 0
Feb 01 09:35:58 desktop kernel: ACPI: PCI: Interrupt link LNKG configured for IRQ 0
Feb 01 09:35:58 desktop kernel: ACPI: PCI: Interrupt link LNKH configured for IRQ 0
Feb 01 09:35:58 desktop kernel: iommu: Default domain type: Translated
Feb 01 09:35:58 desktop kernel: iommu: DMA domain TLB invalidation policy: lazy mode
Feb 01 09:35:58 desktop kernel: efivars: Registered efivars operations
Feb 01 09:35:58 desktop kernel: NetLabel: Initializing
Feb 01 09:35:58 desktop kernel: NetLabel:  domain hash size = 128
Feb 01 09:35:58 desktop kernel: NetLabel:  protocols = UNLABELED CIPSOv4 CALIPSO
Feb 01 09:35:58 desktop kernel: NetLabel:  unlabeled traffic allowed by default
Feb 01 09:35:58 desktop kernel: PCI: Using ACPI for IRQ routing
Feb 01 09:35:58 desktop kernel: PCI: pci_cache_line_size set to 64 bytes
Feb 01 09:35:58 desktop kernel: e820: reserve RAM buffer [mem 0x09d80000-0x0bffffff]
Feb 01 09:35:58 desktop kernel: e820: reserve RAM buffer [mem 0x0a200000-0x0bffffff]
Feb 01 09:35:58 desktop kernel: e820: reserve RAM buffer [mem 0x0b000000-0x0bffffff]
Feb 01 09:35:58 desktop kernel: e820: reserve RAM buffer [mem 0xca617018-0xcbffffff]
Feb 01 09:35:58 desktop kernel: e820: reserve RAM buffer [mem 0xca635018-0xcbffffff]
Feb 01 09:35:58 desktop kernel: e820: reserve RAM buffer [mem 0xd8e44000-0xdbffffff]
Feb 01 09:35:58 desktop kernel: e820: reserve RAM buffer [mem 0xdd03c000-0xdfffffff]
Feb 01 09:35:58 desktop kernel: e820: reserve RAM buffer [mem 0xdf000000-0xdfffffff]
Feb 01 09:35:58 desktop kernel: e820: reserve RAM buffer [mem 0xc1f380000-0xc1fffffff]
Feb 01 09:35:58 desktop kernel: pci 0000:1f:00.0: vgaarb: setting as boot VGA device
Feb 01 09:35:58 desktop kernel: pci 0000:1f:00.0: vgaarb: bridge control possible
Feb 01 09:35:58 desktop kernel: pci 0000:1f:00.0: vgaarb: VGA device added: decodes=io+mem,owns=io+mem,locks=none
Feb 01 09:35:58 desktop kernel: vgaarb: loaded
Feb 01 09:35:58 desktop kernel: hpet0: at MMIO 0xfed00000, IRQs 2, 8, 0
Feb 01 09:35:58 desktop kernel: hpet0: 3 comparators, 32-bit 14.318180 MHz counter
Feb 01 09:35:58 desktop kernel: clocksource: Switched to clocksource tsc-early
Feb 01 09:35:58 desktop kernel: VFS: Disk quotas dquot_6.6.0
Feb 01 09:35:58 desktop kernel: VFS: Dquot-cache hash table entries: 512 (order 0, 4096 bytes)
Feb 01 09:35:58 desktop kernel: pnp: PnP ACPI init
Feb 01 09:35:58 desktop kernel: system 00:00: [mem 0xf8000000-0xfbffffff] has been reserved
Feb 01 09:35:58 desktop kernel: system 00:02: [io  0x0a00-0x0a0f] has been reserved
Feb 01 09:35:58 desktop kernel: system 00:02: [io  0x0a10-0x0a1f] has been reserved
Feb 01 09:35:58 desktop kernel: system 00:02: [io  0x0a20-0x0a2f] has been reserved
Feb 01 09:35:58 desktop kernel: system 00:02: [io  0x0a40-0x0a4f] has been reserved
Feb 01 09:35:58 desktop kernel: pnp 00:03: [dma 0 disabled]
Feb 01 09:35:58 desktop kernel: pnp 00:04: [dma 0 disabled]
Feb 01 09:35:58 desktop kernel: system 00:05: [io  0x04d0-0x04d1] has been reserved
Feb 01 09:35:58 desktop kernel: system 00:05: [io  0x040b] has been reserved
Feb 01 09:35:58 desktop kernel: system 00:05: [io  0x04d6] has been reserved
Feb 01 09:35:58 desktop kernel: system 00:05: [io  0x0c00-0x0c01] has been reserved
Feb 01 09:35:58 desktop kernel: system 00:05: [io  0x0c14] has been reserved
Feb 01 09:35:58 desktop kernel: system 00:05: [io  0x0c50-0x0c51] has been reserved
Feb 01 09:35:58 desktop kernel: system 00:05: [io  0x0c52] has been reserved
Feb 01 09:35:58 desktop kernel: system 00:05: [io  0x0c6c] has been reserved
Feb 01 09:35:58 desktop kernel: system 00:05: [io  0x0c6f] has been reserved
Feb 01 09:35:58 desktop kernel: system 00:05: [io  0x0cd0-0x0cd1] has been reserved
Feb 01 09:35:58 desktop kernel: system 00:05: [io  0x0cd2-0x0cd3] has been reserved
Feb 01 09:35:58 desktop kernel: system 00:05: [io  0x0cd4-0x0cd5] has been reserved
Feb 01 09:35:58 desktop kernel: system 00:05: [io  0x0cd6-0x0cd7] has been reserved
Feb 01 09:35:58 desktop kernel: system 00:05: [io  0x0cd8-0x0cdf] has been reserved
Feb 01 09:35:58 desktop kernel: system 00:05: [io  0x0800-0x089f] has been reserved
Feb 01 09:35:58 desktop kernel: system 00:05: [io  0x0b00-0x0b0f] has been reserved
Feb 01 09:35:58 desktop kernel: system 00:05: [io  0x0b20-0x0b3f] has been reserved
Feb 01 09:35:58 desktop kernel: system 00:05: [io  0x0900-0x090f] has been reserved
Feb 01 09:35:58 desktop kernel: system 00:05: [io  0x0910-0x091f] has been reserved
Feb 01 09:35:58 desktop kernel: system 00:05: [mem 0xfec00000-0xfec00fff] could not be reserved
Feb 01 09:35:58 desktop kernel: system 00:05: [mem 0xfec01000-0xfec01fff] could not be reserved
Feb 01 09:35:58 desktop kernel: system 00:05: [mem 0xfedc0000-0xfedc0fff] has been reserved
Feb 01 09:35:58 desktop kernel: system 00:05: [mem 0xfee00000-0xfee00fff] has been reserved
Feb 01 09:35:58 desktop kernel: system 00:05: [mem 0xfed80000-0xfed8ffff] could not be reserved
Feb 01 09:35:58 desktop kernel: system 00:05: [mem 0xfec10000-0xfec10fff] has been reserved
Feb 01 09:35:58 desktop kernel: system 00:05: [mem 0xff000000-0xffffffff] has been reserved
Feb 01 09:35:58 desktop kernel: pnp: PnP ACPI: found 6 devices
Feb 01 09:35:58 desktop kernel: clocksource: acpi_pm: mask: 0xffffff max_cycles: 0xffffff, max_idle_ns: 2085701024 ns
Feb 01 09:35:58 desktop kernel: NET: Registered PF_INET protocol family
Feb 01 09:35:58 desktop kernel: IP idents hash table entries: 262144 (order: 9, 2097152 bytes, linear)
Feb 01 09:35:58 desktop kernel: tcp_listen_portaddr_hash hash table entries: 32768 (order: 7, 524288 bytes, linear)
Feb 01 09:35:58 desktop kernel: Table-perturb hash table entries: 65536 (order: 6, 262144 bytes, linear)
Feb 01 09:35:58 desktop kernel: TCP established hash table entries: 524288 (order: 10, 4194304 bytes, linear)
Feb 01 09:35:58 desktop kernel: TCP bind hash table entries: 65536 (order: 9, 2097152 bytes, linear)
Feb 01 09:35:58 desktop kernel: TCP: Hash tables configured (established 524288 bind 65536)
Feb 01 09:35:58 desktop kernel: MPTCP token hash table entries: 65536 (order: 8, 1572864 bytes, linear)
Feb 01 09:35:58 desktop kernel: UDP hash table entries: 32768 (order: 8, 1048576 bytes, linear)
Feb 01 09:35:58 desktop kernel: UDP-Lite hash table entries: 32768 (order: 8, 1048576 bytes, linear)
Feb 01 09:35:58 desktop kernel: NET: Registered PF_UNIX/PF_LOCAL protocol family
Feb 01 09:35:58 desktop kernel: NET: Registered PF_XDP protocol family
Feb 01 09:35:58 desktop kernel: pci 0000:00:01.1: PCI bridge to [bus 01]
Feb 01 09:35:58 desktop kernel: pci 0000:00:01.1:   bridge window [mem 0xfd000000-0xfd0fffff]
Feb 01 09:35:58 desktop kernel: pci 0000:16:00.0: PCI bridge to [bus 17]
Feb 01 09:35:58 desktop kernel: pci 0000:16:01.0: PCI bridge to [bus 18]
Feb 01 09:35:58 desktop kernel: pci 0000:16:01.0:   bridge window [io  0xe000-0xefff]
Feb 01 09:35:58 desktop kernel: pci 0000:16:01.0:   bridge window [mem 0xfc700000-0xfc7fffff]
Feb 01 09:35:58 desktop kernel: pci 0000:16:02.0: PCI bridge to [bus 19]
Feb 01 09:35:58 desktop kernel: pci 0000:16:02.0:   bridge window [io  0xd000-0xdfff]
Feb 01 09:35:58 desktop kernel: pci 0000:16:02.0:   bridge window [mem 0xfc600000-0xfc6fffff]
Feb 01 09:35:58 desktop kernel: pci 0000:16:03.0: PCI bridge to [bus 1a]
Feb 01 09:35:58 desktop kernel: pci 0000:16:04.0: PCI bridge to [bus 1b]
Feb 01 09:35:58 desktop kernel: pci 0000:16:04.0:   bridge window [mem 0xfc500000-0xfc5fffff]
Feb 01 09:35:58 desktop kernel: pci 0000:16:08.0: PCI bridge to [bus 1c]
Feb 01 09:35:58 desktop kernel: pci 0000:16:08.0:   bridge window [mem 0xfc400000-0xfc4fffff]
Feb 01 09:35:58 desktop kernel: pci 0000:03:00.2: PCI bridge to [bus 16-1c]
Feb 01 09:35:58 desktop kernel: pci 0000:03:00.2:   bridge window [io  0xd000-0xefff]
Feb 01 09:35:58 desktop kernel: pci 0000:03:00.2:   bridge window [mem 0xfc400000-0xfc7fffff]
Feb 01 09:35:58 desktop kernel: pci 0000:00:01.3: PCI bridge to [bus 03-1c]
Feb 01 09:35:58 desktop kernel: pci 0000:00:01.3:   bridge window [io  0xd000-0xefff]
Feb 01 09:35:58 desktop kernel: pci 0000:00:01.3:   bridge window [mem 0xfc400000-0xfc8fffff]
Feb 01 09:35:58 desktop kernel: pci 0000:1e:00.0: PCI bridge to [bus 1f]
Feb 01 09:35:58 desktop kernel: pci 0000:1e:00.0:   bridge window [io  0xf000-0xffff]
Feb 01 09:35:58 desktop kernel: pci 0000:1e:00.0:   bridge window [mem 0xfcc00000-0xfcdfffff]
Feb 01 09:35:58 desktop kernel: pci 0000:1e:00.0:   bridge window [mem 0xe0000000-0xf01fffff 64bit pref]
Feb 01 09:35:58 desktop kernel: pci 0000:1d:00.0: PCI bridge to [bus 1e-1f]
Feb 01 09:35:58 desktop kernel: pci 0000:1d:00.0:   bridge window [io  0xf000-0xffff]
Feb 01 09:35:58 desktop kernel: pci 0000:1d:00.0:   bridge window [mem 0xfcc00000-0xfcdfffff]
Feb 01 09:35:58 desktop kernel: pci 0000:1d:00.0:   bridge window [mem 0xe0000000-0xf01fffff 64bit pref]
Feb 01 09:35:58 desktop kernel: pci 0000:00:03.1: PCI bridge to [bus 1d-1f]
Feb 01 09:35:58 desktop kernel: pci 0000:00:03.1:   bridge window [io  0xf000-0xffff]
Feb 01 09:35:58 desktop kernel: pci 0000:00:03.1:   bridge window [mem 0xfcc00000-0xfcefffff]
Feb 01 09:35:58 desktop kernel: pci 0000:00:03.1:   bridge window [mem 0xe0000000-0xf01fffff 64bit pref]
Feb 01 09:35:58 desktop kernel: pci 0000:00:07.1: PCI bridge to [bus 20]
Feb 01 09:35:58 desktop kernel: pci 0000:00:07.1:   bridge window [mem 0xfc900000-0xfcbfffff]
Feb 01 09:35:58 desktop kernel: pci 0000:00:08.1: PCI bridge to [bus 21]
Feb 01 09:35:58 desktop kernel: pci 0000:00:08.1:   bridge window [mem 0xfcf00000-0xfcffffff]
Feb 01 09:35:58 desktop kernel: pci_bus 0000:00: resource 4 [io  0x0000-0x03af window]
Feb 01 09:35:58 desktop kernel: pci_bus 0000:00: resource 5 [io  0x03e0-0x0cf7 window]
Feb 01 09:35:58 desktop kernel: pci_bus 0000:00: resource 6 [io  0x03b0-0x03df window]
Feb 01 09:35:58 desktop kernel: pci_bus 0000:00: resource 7 [io  0x0d00-0xffff window]
Feb 01 09:35:58 desktop kernel: pci_bus 0000:00: resource 8 [mem 0x000a0000-0x000dffff window]
Feb 01 09:35:58 desktop kernel: pci_bus 0000:00: resource 9 [mem 0xe0000000-0xfec2ffff window]
Feb 01 09:35:58 desktop kernel: pci_bus 0000:00: resource 10 [mem 0xfee00000-0xffffffff window]
Feb 01 09:35:58 desktop kernel: pci_bus 0000:01: resource 1 [mem 0xfd000000-0xfd0fffff]
Feb 01 09:35:58 desktop kernel: pci_bus 0000:03: resource 0 [io  0xd000-0xefff]
Feb 01 09:35:58 desktop kernel: pci_bus 0000:03: resource 1 [mem 0xfc400000-0xfc8fffff]
Feb 01 09:35:58 desktop kernel: pci_bus 0000:16: resource 0 [io  0xd000-0xefff]
Feb 01 09:35:58 desktop kernel: pci_bus 0000:16: resource 1 [mem 0xfc400000-0xfc7fffff]
Feb 01 09:35:58 desktop kernel: pci_bus 0000:18: resource 0 [io  0xe000-0xefff]
Feb 01 09:35:58 desktop kernel: pci_bus 0000:18: resource 1 [mem 0xfc700000-0xfc7fffff]
Feb 01 09:35:58 desktop kernel: pci_bus 0000:19: resource 0 [io  0xd000-0xdfff]
Feb 01 09:35:58 desktop kernel: pci_bus 0000:19: resource 1 [mem 0xfc600000-0xfc6fffff]
Feb 01 09:35:58 desktop kernel: pci_bus 0000:1b: resource 1 [mem 0xfc500000-0xfc5fffff]
Feb 01 09:35:58 desktop kernel: pci_bus 0000:1c: resource 1 [mem 0xfc400000-0xfc4fffff]
Feb 01 09:35:58 desktop kernel: pci_bus 0000:1d: resource 0 [io  0xf000-0xffff]
Feb 01 09:35:58 desktop kernel: pci_bus 0000:1d: resource 1 [mem 0xfcc00000-0xfcefffff]
Feb 01 09:35:58 desktop kernel: pci_bus 0000:1d: resource 2 [mem 0xe0000000-0xf01fffff 64bit pref]
Feb 01 09:35:58 desktop kernel: pci_bus 0000:1e: resource 0 [io  0xf000-0xffff]
Feb 01 09:35:58 desktop kernel: pci_bus 0000:1e: resource 1 [mem 0xfcc00000-0xfcdfffff]
Feb 01 09:35:58 desktop kernel: pci_bus 0000:1e: resource 2 [mem 0xe0000000-0xf01fffff 64bit pref]
Feb 01 09:35:58 desktop kernel: pci_bus 0000:1f: resource 0 [io  0xf000-0xffff]
Feb 01 09:35:58 desktop kernel: pci_bus 0000:1f: resource 1 [mem 0xfcc00000-0xfcdfffff]
Feb 01 09:35:58 desktop kernel: pci_bus 0000:1f: resource 2 [mem 0xe0000000-0xf01fffff 64bit pref]
Feb 01 09:35:58 desktop kernel: pci_bus 0000:20: resource 1 [mem 0xfc900000-0xfcbfffff]
Feb 01 09:35:58 desktop kernel: pci_bus 0000:21: resource 1 [mem 0xfcf00000-0xfcffffff]
Feb 01 09:35:58 desktop kernel: pci 0000:1f:00.1: D0 power state depends on 0000:1f:00.0
Feb 01 09:35:58 desktop kernel: PCI: CLS 64 bytes, default 64
Feb 01 09:35:58 desktop kernel: pci 0000:00:00.2: AMD-Vi: IOMMU performance counters supported
Feb 01 09:35:58 desktop kernel: Trying to unpack rootfs image as initramfs...
Feb 01 09:35:58 desktop kernel: pci 0000:00:01.0: Adding to iommu group 0
Feb 01 09:35:58 desktop kernel: pci 0000:00:01.1: Adding to iommu group 1
Feb 01 09:35:58 desktop kernel: pci 0000:00:01.3: Adding to iommu group 2
Feb 01 09:35:58 desktop kernel: pci 0000:00:02.0: Adding to iommu group 3
Feb 01 09:35:58 desktop kernel: pci 0000:00:03.0: Adding to iommu group 4
Feb 01 09:35:58 desktop kernel: pci 0000:00:03.1: Adding to iommu group 5
Feb 01 09:35:58 desktop kernel: pci 0000:00:04.0: Adding to iommu group 6
Feb 01 09:35:58 desktop kernel: pci 0000:00:07.0: Adding to iommu group 7
Feb 01 09:35:58 desktop kernel: pci 0000:00:07.1: Adding to iommu group 8
Feb 01 09:35:58 desktop kernel: pci 0000:00:08.0: Adding to iommu group 9
Feb 01 09:35:58 desktop kernel: pci 0000:00:08.1: Adding to iommu group 10
Feb 01 09:35:58 desktop kernel: pci 0000:00:14.0: Adding to iommu group 11
Feb 01 09:35:58 desktop kernel: pci 0000:00:14.3: Adding to iommu group 11
Feb 01 09:35:58 desktop kernel: pci 0000:00:18.0: Adding to iommu group 12
Feb 01 09:35:58 desktop kernel: pci 0000:00:18.1: Adding to iommu group 12
Feb 01 09:35:58 desktop kernel: pci 0000:00:18.2: Adding to iommu group 12
Feb 01 09:35:58 desktop kernel: pci 0000:00:18.3: Adding to iommu group 12
Feb 01 09:35:58 desktop kernel: pci 0000:00:18.4: Adding to iommu group 12
Feb 01 09:35:58 desktop kernel: pci 0000:00:18.5: Adding to iommu group 12
Feb 01 09:35:58 desktop kernel: pci 0000:00:18.6: Adding to iommu group 12
Feb 01 09:35:58 desktop kernel: pci 0000:00:18.7: Adding to iommu group 12
Feb 01 09:35:58 desktop kernel: pci 0000:01:00.0: Adding to iommu group 13
Feb 01 09:35:58 desktop kernel: pci 0000:03:00.0: Adding to iommu group 14
Feb 01 09:35:58 desktop kernel: pci 0000:03:00.1: Adding to iommu group 14
Feb 01 09:35:58 desktop kernel: pci 0000:03:00.2: Adding to iommu group 14
Feb 01 09:35:58 desktop kernel: pci 0000:16:00.0: Adding to iommu group 14
Feb 01 09:35:58 desktop kernel: pci 0000:16:01.0: Adding to iommu group 14
Feb 01 09:35:58 desktop kernel: pci 0000:16:02.0: Adding to iommu group 14
Feb 01 09:35:58 desktop kernel: pci 0000:16:03.0: Adding to iommu group 14
Feb 01 09:35:58 desktop kernel: pci 0000:16:04.0: Adding to iommu group 14
Feb 01 09:35:58 desktop kernel: pci 0000:16:08.0: Adding to iommu group 14
Feb 01 09:35:58 desktop kernel: pci 0000:18:00.0: Adding to iommu group 14
Feb 01 09:35:58 desktop kernel: pci 0000:19:00.0: Adding to iommu group 14
Feb 01 09:35:58 desktop kernel: pci 0000:1b:00.0: Adding to iommu group 14
Feb 01 09:35:58 desktop kernel: pci 0000:1c:00.0: Adding to iommu group 14
Feb 01 09:35:58 desktop kernel: pci 0000:1d:00.0: Adding to iommu group 15
Feb 01 09:35:58 desktop kernel: pci 0000:1e:00.0: Adding to iommu group 16
Feb 01 09:35:58 desktop kernel: pci 0000:1f:00.0: Adding to iommu group 17
Feb 01 09:35:58 desktop kernel: pci 0000:1f:00.1: Adding to iommu group 18
Feb 01 09:35:58 desktop kernel: pci 0000:20:00.0: Adding to iommu group 19
Feb 01 09:35:58 desktop kernel: pci 0000:20:00.2: Adding to iommu group 20
Feb 01 09:35:58 desktop kernel: pci 0000:20:00.3: Adding to iommu group 21
Feb 01 09:35:58 desktop kernel: pci 0000:21:00.0: Adding to iommu group 22
Feb 01 09:35:58 desktop kernel: pci 0000:21:00.2: Adding to iommu group 23
Feb 01 09:35:58 desktop kernel: pci 0000:21:00.3: Adding to iommu group 24
Feb 01 09:35:58 desktop kernel: AMD-Vi: Extended features (0xf77ef22294ada, 0x0): PPR NX GT IA GA PC GA_vAPIC
Feb 01 09:35:58 desktop kernel: AMD-Vi: Interrupt remapping enabled
Feb 01 09:35:58 desktop kernel: AMD-Vi: Virtual APIC enabled
Feb 01 09:35:58 desktop kernel: PCI-DMA: Using software bounce buffering for IO (SWIOTLB)
Feb 01 09:35:58 desktop kernel: software IO TLB: mapped [mem 0x00000000d4e22000-0x00000000d8e22000] (64MB)
Feb 01 09:35:58 desktop kernel: perf/amd_iommu: Detected AMD IOMMU #0 (2 banks, 4 counters/bank).
Feb 01 09:35:58 desktop kernel: Initialise system trusted keyrings
Feb 01 09:35:58 desktop kernel: workingset: timestamp_bits=40 max_order=24 bucket_order=0
Feb 01 09:35:58 desktop kernel: zbud: loaded
Feb 01 09:35:58 desktop kernel: Key type asymmetric registered
Feb 01 09:35:58 desktop kernel: Asymmetric key parser 'x509' registered
Feb 01 09:35:58 desktop kernel: Block layer SCSI generic (bsg) driver version 0.4 loaded (major 252)
Feb 01 09:35:58 desktop kernel: io scheduler mq-deadline registered
Feb 01 09:35:58 desktop kernel: io scheduler kyber registered
Feb 01 09:35:58 desktop kernel: pcieport 0000:00:01.1: PME: Signaling with IRQ 28
Feb 01 09:35:58 desktop kernel: pcieport 0000:00:01.3: PME: Signaling with IRQ 29
Feb 01 09:35:58 desktop kernel: pcieport 0000:00:03.1: PME: Signaling with IRQ 30
Feb 01 09:35:58 desktop kernel: pcieport 0000:00:07.1: PME: Signaling with IRQ 31
Feb 01 09:35:58 desktop kernel: pcieport 0000:00:08.1: PME: Signaling with IRQ 32
Feb 01 09:35:58 desktop kernel: efifb: probing for efifb
Feb 01 09:35:58 desktop kernel: efifb: No BGRT, not showing boot graphics
Feb 01 09:35:58 desktop kernel: efifb: framebuffer at 0xe0000000, using 3072k, total 3072k
Feb 01 09:35:58 desktop kernel: efifb: mode is 1024x768x32, linelength=4096, pages=1
Feb 01 09:35:58 desktop kernel: efifb: scrolling: redraw
Feb 01 09:35:58 desktop kernel: efifb: Truecolor: size=8:8:8:8, shift=24:16:8:0
Feb 01 09:35:58 desktop kernel: fbcon: Deferring console take-over
Feb 01 09:35:58 desktop kernel: fb0: EFI VGA frame buffer device
Feb 01 09:35:58 desktop kernel: [Firmware Bug]: ACPI MWAIT C-state 0x0 not supported by HW (0x0)
Feb 01 09:35:58 desktop kernel: ACPI: \_PR_.P000: Found 2 idle states
Feb 01 09:35:58 desktop kernel: [Firmware Bug]: ACPI MWAIT C-state 0x0 not supported by HW (0x0)
Feb 01 09:35:58 desktop kernel: ACPI: \_PR_.P001: Found 2 idle states
Feb 01 09:35:58 desktop kernel: [Firmware Bug]: ACPI MWAIT C-state 0x0 not supported by HW (0x0)
Feb 01 09:35:58 desktop kernel: ACPI: \_PR_.P002: Found 2 idle states
Feb 01 09:35:58 desktop kernel: [Firmware Bug]: ACPI MWAIT C-state 0x0 not supported by HW (0x0)
Feb 01 09:35:58 desktop kernel: ACPI: \_PR_.P003: Found 2 idle states
Feb 01 09:35:58 desktop kernel: [Firmware Bug]: ACPI MWAIT C-state 0x0 not supported by HW (0x0)
Feb 01 09:35:58 desktop kernel: ACPI: \_PR_.P004: Found 2 idle states
Feb 01 09:35:58 desktop kernel: [Firmware Bug]: ACPI MWAIT C-state 0x0 not supported by HW (0x0)
Feb 01 09:35:58 desktop kernel: ACPI: \_PR_.P005: Found 2 idle states
Feb 01 09:35:58 desktop kernel: [Firmware Bug]: ACPI MWAIT C-state 0x0 not supported by HW (0x0)
Feb 01 09:35:58 desktop kernel: ACPI: \_PR_.P006: Found 2 idle states
Feb 01 09:35:58 desktop kernel: [Firmware Bug]: ACPI MWAIT C-state 0x0 not supported by HW (0x0)
Feb 01 09:35:58 desktop kernel: ACPI: \_PR_.P007: Found 2 idle states
Feb 01 09:35:58 desktop kernel: [Firmware Bug]: ACPI MWAIT C-state 0x0 not supported by HW (0x0)
Feb 01 09:35:58 desktop kernel: ACPI: \_PR_.P008: Found 2 idle states
Feb 01 09:35:58 desktop kernel: [Firmware Bug]: ACPI MWAIT C-state 0x0 not supported by HW (0x0)
Feb 01 09:35:58 desktop kernel: ACPI: \_PR_.P009: Found 2 idle states
Feb 01 09:35:58 desktop kernel: [Firmware Bug]: ACPI MWAIT C-state 0x0 not supported by HW (0x0)
Feb 01 09:35:58 desktop kernel: ACPI: \_PR_.P00A: Found 2 idle states
Feb 01 09:35:58 desktop kernel: [Firmware Bug]: ACPI MWAIT C-state 0x0 not supported by HW (0x0)
Feb 01 09:35:58 desktop kernel: ACPI: \_PR_.P00B: Found 2 idle states
Feb 01 09:35:58 desktop kernel: [Firmware Bug]: ACPI MWAIT C-state 0x0 not supported by HW (0x0)
Feb 01 09:35:58 desktop kernel: ACPI: \_PR_.P00C: Found 2 idle states
Feb 01 09:35:58 desktop kernel: [Firmware Bug]: ACPI MWAIT C-state 0x0 not supported by HW (0x0)
Feb 01 09:35:58 desktop kernel: ACPI: \_PR_.P00D: Found 2 idle states
Feb 01 09:35:58 desktop kernel: [Firmware Bug]: ACPI MWAIT C-state 0x0 not supported by HW (0x0)
Feb 01 09:35:58 desktop kernel: ACPI: \_PR_.P00E: Found 2 idle states
Feb 01 09:35:58 desktop kernel: [Firmware Bug]: ACPI MWAIT C-state 0x0 not supported by HW (0x0)
Feb 01 09:35:58 desktop kernel: ACPI: \_PR_.P00F: Found 2 idle states
Feb 01 09:35:58 desktop kernel: Serial: 8250/16550 driver, 4 ports, IRQ sharing enabled
Feb 01 09:35:58 desktop kernel: 00:04: ttyS0 at I/O 0x3f8 (irq = 4, base_baud = 115200) is a 16550A
Feb 01 09:35:58 desktop kernel: amd_pstate: the _CPC object is not present in SBIOS or ACPI disabled
Feb 01 09:35:58 desktop kernel: drop_monitor: Initializing network drop monitor service
Feb 01 09:35:58 desktop kernel: NET: Registered PF_INET6 protocol family
Feb 01 09:35:58 desktop kernel: Freeing initrd memory: 24980K
Feb 01 09:35:58 desktop kernel: Segment Routing with IPv6
Feb 01 09:35:58 desktop kernel: In-situ OAM (IOAM) with IPv6
Feb 01 09:35:58 desktop kernel: microcode: Current revision: 0x08001137
Feb 01 09:35:58 desktop kernel: IPI shorthand broadcast: enabled
Feb 01 09:35:58 desktop kernel: sched_clock: Marking stable (379264654, -7995000)->(392053966, -20784312)
Feb 01 09:35:58 desktop kernel: registered taskstats version 1
Feb 01 09:35:58 desktop kernel: Loading compiled-in X.509 certificates
Feb 01 09:35:58 desktop kernel: Key type .fscrypt registered
Feb 01 09:35:58 desktop kernel: Key type fscrypt-provisioning registered
Feb 01 09:35:58 desktop kernel: clk: Disabling unused clocks
Feb 01 09:35:58 desktop kernel: Freeing unused decrypted memory: 2028K
Feb 01 09:35:58 desktop kernel: Freeing unused kernel image (initmem) memory: 2984K
Feb 01 09:35:58 desktop kernel: Write protecting the kernel read-only data: 24576k
Feb 01 09:35:58 desktop kernel: Freeing unused kernel image (rodata/data gap) memory: 836K
Feb 01 09:35:58 desktop kernel: x86/mm: Checked W+X mappings: passed, no W+X pages found.
Feb 01 09:35:58 desktop kernel: Run /init as init process
Feb 01 09:35:58 desktop kernel:   with arguments:
Feb 01 09:35:58 desktop kernel:     /init
Feb 01 09:35:58 desktop kernel:     splash
Feb 01 09:35:58 desktop kernel:   with environment:
Feb 01 09:35:58 desktop kernel:     HOME=/
Feb 01 09:35:58 desktop kernel:     TERM=linux
Feb 01 09:35:58 desktop kernel:     BOOT_IMAGE=(hd1,gpt3)//kernels/wq9p72nzcmciwj7ng1qlz0nkgiigapzj-linux-6.7.1-bzImage
Feb 01 09:35:58 desktop kernel: fbcon: Taking over console
Feb 01 09:35:58 desktop kernel: Console: switching to colour frame buffer device 128x48
Feb 01 09:35:58 desktop stage-1-init: [Thu Feb  1 08:35:53 UTC 2024] loading module dm_mod...
Feb 01 09:35:58 desktop kernel: device-mapper: ioctl: 4.48.0-ioctl (2023-03-01) initialised: dm-devel@redhat.com
Feb 01 09:35:58 desktop stage-1-init: [Thu Feb  1 08:35:53 UTC 2024] running udev...
Feb 01 09:35:58 desktop stage-1-init: [Thu Feb  1 08:35:53 UTC 2024] Starting systemd-udevd version 254.6
Feb 01 09:35:58 desktop kernel: rtc_cmos 00:01: RTC can wake from S4
Feb 01 09:35:58 desktop kernel: rtc_cmos 00:01: registered as rtc0
Feb 01 09:35:58 desktop kernel: rtc_cmos 00:01: alarms up to one month, y3k, 114 bytes nvram, hpet irqs
Feb 01 09:35:58 desktop kernel: SCSI subsystem initialized
Feb 01 09:35:58 desktop kernel: ACPI: bus type USB registered
Feb 01 09:35:58 desktop kernel: usbcore: registered new interface driver usbfs
Feb 01 09:35:58 desktop kernel: usbcore: registered new interface driver hub
Feb 01 09:35:58 desktop kernel: usbcore: registered new device driver usb
Feb 01 09:35:58 desktop kernel: nvme nvme1: pci function 0000:01:00.0
Feb 01 09:35:58 desktop kernel: nvme nvme0: pci function 0000:1b:00.0
Feb 01 09:35:58 desktop kernel: nvme nvme0: missing or invalid SUBNQN field.
Feb 01 09:35:58 desktop kernel: nvme nvme0: Shutdown timeout set to 10 seconds
Feb 01 09:35:58 desktop kernel: nvme nvme0: 8/0/0 default/read/poll queues
Feb 01 09:35:58 desktop kernel: nvme nvme1: missing or invalid SUBNQN field.
Feb 01 09:35:58 desktop kernel: nvme nvme1: Shutdown timeout set to 8 seconds
Feb 01 09:35:58 desktop kernel: nvme nvme0: Ignoring bogus Namespace Identifiers
Feb 01 09:35:58 desktop kernel:  nvme0n1: p1 p2 p3 p4
Feb 01 09:35:58 desktop kernel: libata version 3.00 loaded.
Feb 01 09:35:58 desktop kernel: nvme nvme1: 16/0/0 default/read/poll queues
Feb 01 09:35:58 desktop kernel:  nvme1n1: p1 p2 p3
Feb 01 09:35:58 desktop kernel: xhci_hcd 0000:03:00.0: xHCI Host Controller
Feb 01 09:35:58 desktop kernel: xhci_hcd 0000:03:00.0: new USB bus registered, assigned bus number 1
Feb 01 09:35:58 desktop kernel: ahci 0000:03:00.1: version 3.0
Feb 01 09:35:58 desktop kernel: ahci 0000:03:00.1: SSS flag set, parallel bus scan disabled
Feb 01 09:35:58 desktop kernel: ahci 0000:03:00.1: AHCI 0001.0301 32 slots 8 ports 6 Gbps 0xff impl SATA mode
Feb 01 09:35:58 desktop kernel: ahci 0000:03:00.1: flags: 64bit ncq sntf stag pm led clo only pmp pio slum part sxs deso sadm sds apst 
Feb 01 09:35:58 desktop kernel: scsi host0: ahci
Feb 01 09:35:58 desktop kernel: scsi host1: ahci
Feb 01 09:35:58 desktop kernel: scsi host2: ahci
Feb 01 09:35:58 desktop kernel: scsi host3: ahci
Feb 01 09:35:58 desktop kernel: scsi host4: ahci
Feb 01 09:35:58 desktop kernel: scsi host5: ahci
Feb 01 09:35:58 desktop kernel: scsi host6: ahci
Feb 01 09:35:58 desktop kernel: scsi host7: ahci
Feb 01 09:35:58 desktop kernel: ata1: SATA max UDMA/133 abar m131072@0xfc880000 port 0xfc880100 irq 70 lpm-pol 0
Feb 01 09:35:58 desktop kernel: ata2: SATA max UDMA/133 abar m131072@0xfc880000 port 0xfc880180 irq 70 lpm-pol 0
Feb 01 09:35:58 desktop kernel: ata3: SATA max UDMA/133 abar m131072@0xfc880000 port 0xfc880200 irq 70 lpm-pol 0
Feb 01 09:35:58 desktop kernel: ata4: SATA max UDMA/133 abar m131072@0xfc880000 port 0xfc880280 irq 70 lpm-pol 0
Feb 01 09:35:58 desktop kernel: ata5: SATA max UDMA/133 abar m131072@0xfc880000 port 0xfc880300 irq 70 lpm-pol 0
Feb 01 09:35:58 desktop kernel: ata6: SATA max UDMA/133 abar m131072@0xfc880000 port 0xfc880380 irq 70 lpm-pol 0
Feb 01 09:35:58 desktop kernel: ata7: SATA max UDMA/133 abar m131072@0xfc880000 port 0xfc880400 irq 70 lpm-pol 0
Feb 01 09:35:58 desktop kernel: ata8: SATA max UDMA/133 abar m131072@0xfc880000 port 0xfc880480 irq 70 lpm-pol 0
Feb 01 09:35:58 desktop kernel: ahci 0000:21:00.2: AHCI 0001.0301 32 slots 1 ports 6 Gbps 0x1 impl SATA mode
Feb 01 09:35:58 desktop kernel: ahci 0000:21:00.2: flags: 64bit ncq sntf ilck led clo only pmp fbs pio 
Feb 01 09:35:58 desktop kernel: scsi host8: ahci
Feb 01 09:35:58 desktop kernel: ata9: SATA max UDMA/133 abar m4096@0xfcf08000 port 0xfcf08100 irq 72 lpm-pol 0
Feb 01 09:35:58 desktop kernel: xhci_hcd 0000:03:00.0: hcc params 0x0200ef81 hci version 0x110 quirks 0x0000000000000410
Feb 01 09:35:58 desktop kernel: xhci_hcd 0000:03:00.0: xHCI Host Controller
Feb 01 09:35:58 desktop kernel: xhci_hcd 0000:03:00.0: new USB bus registered, assigned bus number 2
Feb 01 09:35:58 desktop kernel: xhci_hcd 0000:03:00.0: Host supports USB 3.1 Enhanced SuperSpeed
Feb 01 09:35:58 desktop kernel: usb usb1: New USB device found, idVendor=1d6b, idProduct=0002, bcdDevice= 6.07
Feb 01 09:35:58 desktop kernel: usb usb1: New USB device strings: Mfr=3, Product=2, SerialNumber=1
Feb 01 09:35:58 desktop kernel: usb usb1: Product: xHCI Host Controller
Feb 01 09:35:58 desktop kernel: usb usb1: Manufacturer: Linux 6.7.1 xhci-hcd
Feb 01 09:35:58 desktop kernel: usb usb1: SerialNumber: 0000:03:00.0
Feb 01 09:35:58 desktop kernel: hub 1-0:1.0: USB hub found
Feb 01 09:35:58 desktop kernel: hub 1-0:1.0: 14 ports detected
Feb 01 09:35:58 desktop kernel: usb usb2: We don't know the algorithms for LPM for this host, disabling LPM.
Feb 01 09:35:58 desktop kernel: usb usb2: New USB device found, idVendor=1d6b, idProduct=0003, bcdDevice= 6.07
Feb 01 09:35:58 desktop kernel: usb usb2: New USB device strings: Mfr=3, Product=2, SerialNumber=1
Feb 01 09:35:58 desktop kernel: usb usb2: Product: xHCI Host Controller
Feb 01 09:35:58 desktop kernel: usb usb2: Manufacturer: Linux 6.7.1 xhci-hcd
Feb 01 09:35:58 desktop kernel: usb usb2: SerialNumber: 0000:03:00.0
Feb 01 09:35:58 desktop kernel: hub 2-0:1.0: USB hub found
Feb 01 09:35:58 desktop kernel: hub 2-0:1.0: 8 ports detected
Feb 01 09:35:58 desktop kernel: xhci_hcd 0000:1c:00.0: xHCI Host Controller
Feb 01 09:35:58 desktop kernel: xhci_hcd 0000:1c:00.0: new USB bus registered, assigned bus number 3
Feb 01 09:35:58 desktop kernel: xhci_hcd 0000:1c:00.0: hcc params 0x0200eec0 hci version 0x110 quirks 0x0000000000800010
Feb 01 09:35:58 desktop kernel: xhci_hcd 0000:1c:00.0: xHCI Host Controller
Feb 01 09:35:58 desktop kernel: xhci_hcd 0000:1c:00.0: new USB bus registered, assigned bus number 4
Feb 01 09:35:58 desktop kernel: xhci_hcd 0000:1c:00.0: Host supports USB 3.1 Enhanced SuperSpeed
Feb 01 09:35:58 desktop kernel: usb usb3: New USB device found, idVendor=1d6b, idProduct=0002, bcdDevice= 6.07
Feb 01 09:35:58 desktop kernel: usb usb3: New USB device strings: Mfr=3, Product=2, SerialNumber=1
Feb 01 09:35:58 desktop kernel: usb usb3: Product: xHCI Host Controller
Feb 01 09:35:58 desktop kernel: usb usb3: Manufacturer: Linux 6.7.1 xhci-hcd
Feb 01 09:35:58 desktop kernel: usb usb3: SerialNumber: 0000:1c:00.0
Feb 01 09:35:58 desktop kernel: hub 3-0:1.0: USB hub found
Feb 01 09:35:58 desktop kernel: hub 3-0:1.0: 2 ports detected
Feb 01 09:35:58 desktop kernel: usb usb4: We don't know the algorithms for LPM for this host, disabling LPM.
Feb 01 09:35:58 desktop kernel: usb usb4: New USB device found, idVendor=1d6b, idProduct=0003, bcdDevice= 6.07
Feb 01 09:35:58 desktop kernel: usb usb4: New USB device strings: Mfr=3, Product=2, SerialNumber=1
Feb 01 09:35:58 desktop kernel: usb usb4: Product: xHCI Host Controller
Feb 01 09:35:58 desktop kernel: usb usb4: Manufacturer: Linux 6.7.1 xhci-hcd
Feb 01 09:35:58 desktop kernel: usb usb4: SerialNumber: 0000:1c:00.0
Feb 01 09:35:58 desktop kernel: hub 4-0:1.0: USB hub found
Feb 01 09:35:58 desktop kernel: hub 4-0:1.0: 2 ports detected
Feb 01 09:35:58 desktop kernel: xhci_hcd 0000:20:00.3: xHCI Host Controller
Feb 01 09:35:58 desktop kernel: xhci_hcd 0000:20:00.3: new USB bus registered, assigned bus number 5
Feb 01 09:35:58 desktop kernel: xhci_hcd 0000:20:00.3: hcc params 0x0270f665 hci version 0x100 quirks 0x0000000040000410
Feb 01 09:35:58 desktop kernel: xhci_hcd 0000:20:00.3: xHCI Host Controller
Feb 01 09:35:58 desktop kernel: xhci_hcd 0000:20:00.3: new USB bus registered, assigned bus number 6
Feb 01 09:35:58 desktop kernel: xhci_hcd 0000:20:00.3: Host supports USB 3.0 SuperSpeed
Feb 01 09:35:58 desktop kernel: usb usb5: New USB device found, idVendor=1d6b, idProduct=0002, bcdDevice= 6.07
Feb 01 09:35:58 desktop kernel: usb usb5: New USB device strings: Mfr=3, Product=2, SerialNumber=1
Feb 01 09:35:58 desktop kernel: usb usb5: Product: xHCI Host Controller
Feb 01 09:35:58 desktop kernel: usb usb5: Manufacturer: Linux 6.7.1 xhci-hcd
Feb 01 09:35:58 desktop kernel: usb usb5: SerialNumber: 0000:20:00.3
Feb 01 09:35:58 desktop kernel: hub 5-0:1.0: USB hub found
Feb 01 09:35:58 desktop kernel: hub 5-0:1.0: 4 ports detected
Feb 01 09:35:58 desktop kernel: usb usb6: We don't know the algorithms for LPM for this host, disabling LPM.
Feb 01 09:35:58 desktop kernel: usb usb6: New USB device found, idVendor=1d6b, idProduct=0003, bcdDevice= 6.07
Feb 01 09:35:58 desktop kernel: usb usb6: New USB device strings: Mfr=3, Product=2, SerialNumber=1
Feb 01 09:35:58 desktop kernel: usb usb6: Product: xHCI Host Controller
Feb 01 09:35:58 desktop kernel: usb usb6: Manufacturer: Linux 6.7.1 xhci-hcd
Feb 01 09:35:58 desktop kernel: usb usb6: SerialNumber: 0000:20:00.3
Feb 01 09:35:58 desktop kernel: hub 6-0:1.0: USB hub found
Feb 01 09:35:58 desktop kernel: hub 6-0:1.0: 4 ports detected
Feb 01 09:35:58 desktop kernel: ata1: SATA link down (SStatus 0 SControl 330)
Feb 01 09:35:58 desktop kernel: ata9: SATA link down (SStatus 0 SControl 300)
Feb 01 09:35:58 desktop kernel: usb 1-10: new full-speed USB device number 2 using xhci_hcd
Feb 01 09:35:58 desktop kernel: usb 5-3: new full-speed USB device number 2 using xhci_hcd
Feb 01 09:35:58 desktop kernel: usb 5-3: device descriptor read/64, error -71
Feb 01 09:35:58 desktop kernel: tsc: Refined TSC clocksource calibration: 3599.999 MHz
Feb 01 09:35:58 desktop kernel: clocksource: tsc: mask: 0xffffffffffffffff max_cycles: 0x33e4525366a, max_idle_ns: 440795257657 ns
Feb 01 09:35:58 desktop kernel: clocksource: Switched to clocksource tsc
Feb 01 09:35:58 desktop kernel: usb 1-10: New USB device found, idVendor=0d8c, idProduct=016c, bcdDevice= 1.00
Feb 01 09:35:58 desktop kernel: usb 1-10: New USB device strings: Mfr=1, Product=2, SerialNumber=0
Feb 01 09:35:58 desktop kernel: usb 1-10: Product: USB Advanced Audio Device
Feb 01 09:35:58 desktop kernel: usb 1-10: Manufacturer: C-Media Electronics Inc.
Feb 01 09:35:58 desktop kernel: ata2: SATA link down (SStatus 0 SControl 330)
Feb 01 09:35:58 desktop kernel: usb 5-3: device descriptor read/64, error -71
Feb 01 09:35:58 desktop kernel: usb 5-3: new full-speed USB device number 3 using xhci_hcd
Feb 01 09:35:58 desktop kernel: ata3: SATA link down (SStatus 0 SControl 330)
Feb 01 09:35:58 desktop kernel: usb 5-3: device descriptor read/64, error -71
Feb 01 09:35:58 desktop kernel: ata4: SATA link down (SStatus 0 SControl 330)
Feb 01 09:35:58 desktop kernel: usb 5-3: device descriptor read/64, error -71
Feb 01 09:35:58 desktop kernel: usb usb5-port3: attempt power cycle
Feb 01 09:35:58 desktop kernel: usb 5-3: new full-speed USB device number 4 using xhci_hcd
Feb 01 09:35:58 desktop kernel: usb 5-3: Device not responding to setup address.
Feb 01 09:35:58 desktop kernel: usb 5-3: Device not responding to setup address.
Feb 01 09:35:58 desktop kernel: usb 5-3: device not accepting address 4, error -71
Feb 01 09:35:58 desktop kernel: usb 5-3: new full-speed USB device number 5 using xhci_hcd
Feb 01 09:35:58 desktop kernel: usb 5-3: Device not responding to setup address.
Feb 01 09:35:58 desktop kernel: ata5: failed to resume link (SControl 0)
Feb 01 09:35:58 desktop kernel: ata5: SATA link down (SStatus 0 SControl 0)
Feb 01 09:35:58 desktop kernel: usb 5-3: Device not responding to setup address.
Feb 01 09:35:58 desktop kernel: ata6: SATA link down (SStatus 0 SControl 330)
Feb 01 09:35:58 desktop kernel: usb 5-3: device not accepting address 5, error -71
Feb 01 09:35:58 desktop kernel: usb usb5-port3: unable to enumerate USB device
Feb 01 09:35:58 desktop kernel: usb 5-4: new low-speed USB device number 6 using xhci_hcd
Feb 01 09:35:58 desktop kernel: usb 5-4: New USB device found, idVendor=1a2c, idProduct=4fe8, bcdDevice= 1.10
Feb 01 09:35:58 desktop kernel: usb 5-4: New USB device strings: Mfr=1, Product=2, SerialNumber=0
Feb 01 09:35:58 desktop kernel: usb 5-4: Product: USB Keyboard
Feb 01 09:35:58 desktop kernel: usb 5-4: Manufacturer: SEMICO
Feb 01 09:35:58 desktop kernel: ata7: SATA link up 6.0 Gbps (SStatus 133 SControl 300)
Feb 01 09:35:58 desktop kernel: ata7.00: ATA-9: WDC WD20EZRZ-00Z5HB0, 80.00A80, max UDMA/133
Feb 01 09:35:58 desktop kernel: ata7.00: 3907029168 sectors, multi 16: LBA48 NCQ (depth 32), AA
Feb 01 09:35:58 desktop kernel: ata7.00: configured for UDMA/133
Feb 01 09:35:58 desktop kernel: scsi 6:0:0:0: Direct-Access     ATA      WDC WD20EZRZ-00Z 0A80 PQ: 0 ANSI: 5
Feb 01 09:35:58 desktop kernel: ata8: SATA link down (SStatus 0 SControl 330)
Feb 01 09:35:58 desktop kernel: sd 6:0:0:0: [sda] 3907029168 512-byte logical blocks: (2.00 TB/1.82 TiB)
Feb 01 09:35:58 desktop kernel: sd 6:0:0:0: [sda] 4096-byte physical blocks
Feb 01 09:35:58 desktop kernel: sd 6:0:0:0: [sda] Write Protect is off
Feb 01 09:35:58 desktop kernel: sd 6:0:0:0: [sda] Mode Sense: 00 3a 00 00
Feb 01 09:35:58 desktop kernel: sd 6:0:0:0: [sda] Write cache: enabled, read cache: enabled, doesn't support DPO or FUA
Feb 01 09:35:58 desktop kernel: sd 6:0:0:0: [sda] Preferred minimum I/O size 4096 bytes
Feb 01 09:35:58 desktop kernel: hid: raw HID events driver (C) Jiri Kosina
Feb 01 09:35:58 desktop kernel:  sda: sda1
Feb 01 09:35:58 desktop kernel: sd 6:0:0:0: [sda] Attached SCSI disk
Feb 01 09:35:58 desktop kernel: usbcore: registered new interface driver usbhid
Feb 01 09:35:58 desktop kernel: usbhid: USB HID core driver
Feb 01 09:35:58 desktop kernel: input: C-Media Electronics Inc. USB Advanced Audio Device Consumer Control as /devices/pci0000:00/0000:00:01.3/0000:03:00.0/usb1/1-10/1-10:1.3/0003:0D8C:016C.0001/input/input0
Feb 01 09:35:58 desktop kernel: hid-generic 0003:0D8C:016C.0001: input,hiddev96,hidraw0: USB HID v1.00 Device [C-Media Electronics Inc. USB Advanced Audio Device] on usb-0000:03:00.0-10/input3
Feb 01 09:35:58 desktop kernel: input: SEMICO USB Keyboard as /devices/pci0000:00/0000:00:07.1/0000:20:00.3/usb5/5-4/5-4:1.0/0003:1A2C:4FE8.0002/input/input2
Feb 01 09:35:58 desktop kernel: hid-generic 0003:1A2C:4FE8.0002: input,hidraw1: USB HID v1.10 Keyboard [SEMICO USB Keyboard] on usb-0000:20:00.3-4/input0
Feb 01 09:35:58 desktop kernel: input: SEMICO USB Keyboard Consumer Control as /devices/pci0000:00/0000:00:07.1/0000:20:00.3/usb5/5-4/5-4:1.1/0003:1A2C:4FE8.0003/input/input3
Feb 01 09:35:58 desktop kernel: input: SEMICO USB Keyboard System Control as /devices/pci0000:00/0000:00:07.1/0000:20:00.3/usb5/5-4/5-4:1.1/0003:1A2C:4FE8.0003/input/input4
Feb 01 09:35:58 desktop kernel: input: SEMICO USB Keyboard as /devices/pci0000:00/0000:00:07.1/0000:20:00.3/usb5/5-4/5-4:1.1/0003:1A2C:4FE8.0003/input/input6
Feb 01 09:35:58 desktop kernel: hid-generic 0003:1A2C:4FE8.0003: input,hiddev97,hidraw2: USB HID v1.10 Keyboard [SEMICO USB Keyboard] on usb-0000:20:00.3-4/input1
Feb 01 09:35:58 desktop stage-1-init: [Thu Feb  1 08:35:57 UTC 2024] starting device mapper and LVM...
Feb 01 09:35:58 desktop stage-1-init: [Thu Feb  1 08:35:57 UTC 2024] checking /dev/disk/by-uuid/75f3de38-13b6-4b30-babe-89fa3cc8cd02...
Feb 01 09:35:58 desktop stage-1-init: [Thu Feb  1 08:35:57 UTC 2024] fsck (busybox 1.36.1)
Feb 01 09:35:58 desktop stage-1-init: [Thu Feb  1 08:35:57 UTC 2024] [fsck.ext4 (1) -- /mnt-root/] fsck.ext4 -a /dev/disk/by-uuid/75f3de38-13b6-4b30-babe-89fa3cc8cd02
Feb 01 09:35:58 desktop stage-1-init: [Thu Feb  1 08:35:57 UTC 2024] nixos: clean, 5585142/28393472 files, 48962441/113545728 blocks
Feb 01 09:35:58 desktop stage-1-init: [Thu Feb  1 08:35:57 UTC 2024] mounting /dev/disk/by-uuid/75f3de38-13b6-4b30-babe-89fa3cc8cd02 on /...
Feb 01 09:35:58 desktop kernel: EXT4-fs (nvme1n1p1): mounted filesystem 75f3de38-13b6-4b30-babe-89fa3cc8cd02 r/w with ordered data mode. Quota mode: none.
Feb 01 09:35:58 desktop kernel: EXT4-fs (nvme1n1p1): re-mounted 75f3de38-13b6-4b30-babe-89fa3cc8cd02 r/w. Quota mode: none.
Feb 01 09:35:58 desktop kernel: EXT4-fs (nvme1n1p1): re-mounted 75f3de38-13b6-4b30-babe-89fa3cc8cd02 r/w. Quota mode: none.
Feb 01 09:35:58 desktop unknown: booting system configuration /nix/store/clxny0wandpp2fz1zxd750s6rx5z01yp-nixos-system-desktop-23.11.3409.d7f206b723e4
Feb 01 09:35:58 desktop stage-2-init: running activation script...
Feb 01 09:35:58 desktop stage-2-init: setting up /etc...
Feb 01 09:35:58 desktop systemd[1]: Inserted module 'autofs4'
Feb 01 09:35:58 desktop systemd[1]: systemd 254.6 running in system mode (+PAM +AUDIT -SELINUX +APPARMOR +IMA +SMACK +SECCOMP +GCRYPT -GNUTLS +OPENSSL +ACL +BLKID +CURL +ELFUTILS +FIDO2 +IDN2 -IDN +IPTC +KMOD +LIBCRYPTSETUP +LIBFDISK +PCRE2 -PWQUALITY +P11KIT -QRENCODE +TPM2 +BZIP2 +LZ4 +XZ +ZLIB +ZSTD +BPF_FRAMEWORK -XKBCOMMON +UTMP -SYSVINIT default-hierarchy=unified)
Feb 01 09:35:58 desktop systemd[1]: Detected architecture x86-64.
Feb 01 09:35:58 desktop systemd[1]: Hostname set to <desktop>.
Feb 01 09:35:58 desktop systemd[1]: bpf-lsm: LSM BPF program attached
Feb 01 09:35:58 desktop systemd-gpt-auto-generator[641]: EFI loader partition unknown, exiting.
Feb 01 09:35:58 desktop systemd-gpt-auto-generator[641]: (The boot loader did not set EFI variable LoaderDevicePartUUID.)
Feb 01 09:35:58 desktop systemd[1]: Queued start job for default target Graphical Interface.
Feb 01 09:35:58 desktop systemd[1]: Created slice Slice /system/getty.
Feb 01 09:35:58 desktop systemd[1]: Created slice Slice /system/modprobe.
Feb 01 09:35:58 desktop systemd[1]: Created slice Slice /system/systemd-fsck.
Feb 01 09:35:58 desktop systemd[1]: Created slice User and Session Slice.
Feb 01 09:35:58 desktop systemd[1]: Dispatch Password Requests to Console Directory Watch was skipped because of an unmet condition check (ConditionPathExists=!/run/plymouth/pid).
Feb 01 09:35:58 desktop systemd[1]: Started Forward Password Requests to Plymouth Directory Watch.
Feb 01 09:35:58 desktop systemd[1]: Started Forward Password Requests to Wall Directory Watch.
Feb 01 09:35:58 desktop systemd[1]: Set up automount Arbitrary Executable File Formats File System Automount Point.
Feb 01 09:35:58 desktop systemd[1]: Reached target Local Encrypted Volumes.
Feb 01 09:35:58 desktop systemd[1]: Reached target Containers.
Feb 01 09:35:58 desktop systemd[1]: Reached target Path Units.
Feb 01 09:35:58 desktop systemd[1]: Reached target Slice Units.
Feb 01 09:35:58 desktop systemd[1]: Reached target System Time Synchronized.
Feb 01 09:35:58 desktop systemd[1]: Listening on RPCbind Server Activation Socket.
Feb 01 09:35:58 desktop systemd[1]: Reached target RPC Port Mapper.
Feb 01 09:35:58 desktop systemd[1]: Listening on Process Core Dump Socket.
Feb 01 09:35:58 desktop systemd[1]: Listening on Journal Socket (/dev/log).
Feb 01 09:35:58 desktop systemd[1]: Listening on Journal Socket.
Feb 01 09:35:58 desktop systemd[1]: Listening on Userspace Out-Of-Memory (OOM) Killer Socket.
Feb 01 09:35:58 desktop systemd[1]: Listening on udev Control Socket.
Feb 01 09:35:58 desktop systemd[1]: Listening on udev Kernel Socket.
Feb 01 09:35:58 desktop systemd[1]: Mounting Huge Pages File System...
Feb 01 09:35:58 desktop systemd[1]: Mounting POSIX Message Queue File System...
Feb 01 09:35:58 desktop systemd[1]: Mounting Kernel Debug File System...
Feb 01 09:35:58 desktop systemd[1]: Kernel Module supporting RPCSEC_GSS was skipped because of an unmet condition check (ConditionPathExists=/etc/krb5.keytab).
Feb 01 09:35:58 desktop systemd[1]: Starting Create List of Static Device Nodes...
Feb 01 09:35:58 desktop systemd[1]: Starting Load Kernel Module configfs...
Feb 01 09:35:58 desktop systemd[1]: Starting Load Kernel Module drm...
Feb 01 09:35:58 desktop systemd[1]: Starting Load Kernel Module efi_pstore...
Feb 01 09:35:58 desktop systemd[1]: Starting Load Kernel Module fuse...
Feb 01 09:35:58 desktop systemd[1]: Starting mount-pstore.service...
Feb 01 09:35:58 desktop kernel: pstore: Using crash dump compression: deflate
Feb 01 09:35:58 desktop systemd[1]: Starting Create SUID/SGID Wrappers...
Feb 01 09:35:58 desktop systemd[1]: Started Forward Password Requests to Plymouth.
Feb 01 09:35:58 desktop systemd[1]: File System Check on Root Device was skipped because of an unmet condition check (ConditionPathIsReadWrite=!/).
Feb 01 09:35:58 desktop kernel: pstore: Registered efi_pstore as persistent store backend
Feb 01 09:35:58 desktop systemd[1]: Starting Journal Service...
Feb 01 09:35:58 desktop systemd[1]: Starting Load Kernel Modules...
Feb 01 09:35:58 desktop systemd[1]: Starting Remount Root and Kernel File Systems...
Feb 01 09:35:58 desktop systemd[1]: Starting Coldplug All udev Devices...
Feb 01 09:35:58 desktop systemd[1]: Mounted Huge Pages File System.
Feb 01 09:35:58 desktop kernel: fuse: init (API version 7.39)
Feb 01 09:35:58 desktop systemd[1]: Mounted POSIX Message Queue File System.
Feb 01 09:35:58 desktop systemd[1]: Mounted Kernel Debug File System.
Feb 01 09:35:58 desktop systemd-journald[663]: Collecting audit messages is disabled.
Feb 01 09:35:58 desktop kernel: EXT4-fs (nvme1n1p1): re-mounted 75f3de38-13b6-4b30-babe-89fa3cc8cd02 r/w. Quota mode: none.
Feb 01 09:35:58 desktop systemd[1]: Finished Create List of Static Device Nodes.
Feb 01 09:35:58 desktop systemd[1]: modprobe@configfs.service: Deactivated successfully.
Feb 01 09:35:58 desktop kernel: ACPI: bus type drm_connector registered
Feb 01 09:35:58 desktop systemd[1]: Finished Load Kernel Module configfs.
Feb 01 09:35:58 desktop systemd[1]: modprobe@drm.service: Deactivated successfully.
Feb 01 09:35:58 desktop systemd-journald[663]: Journal started
Feb 01 09:35:58 desktop systemd-journald[663]: Runtime Journal (/run/log/journal/20703144e4424457bae79b93caf9a415) is 8.0M, max 1.1G, 1.1G free.
Feb 01 09:35:58 desktop systemd[1]: Finished Load Kernel Module drm.
Feb 01 09:35:58 desktop systemd[1]: Started Journal Service.
Feb 01 09:35:58 desktop systemd[1]: modprobe@efi_pstore.service: Deactivated successfully.
Feb 01 09:35:58 desktop kernel: ccp 0000:20:00.2: enabling device (0000 -> 0002)
Feb 01 09:35:58 desktop kernel: ccp 0000:20:00.2: ccp enabled
Feb 01 09:35:58 desktop kernel: ccp 0000:20:00.2: psp: unable to access the device: you might be running a broken BIOS.
Feb 01 09:35:58 desktop systemd[1]: Finished Load Kernel Module efi_pstore.
Feb 01 09:35:58 desktop systemd[1]: modprobe@fuse.service: Deactivated successfully.
Feb 01 09:35:58 desktop kernel: kvm_amd: TSC scaling supported
Feb 01 09:35:58 desktop kernel: kvm_amd: Nested Virtualization enabled
Feb 01 09:35:58 desktop kernel: kvm_amd: Nested Paging enabled
Feb 01 09:35:58 desktop kernel: kvm_amd: SEV enabled (ASIDs 0 - 15)
Feb 01 09:35:58 desktop kernel: kvm_amd: Virtual VMLOAD VMSAVE supported
Feb 01 09:35:58 desktop kernel: kvm_amd: Virtual GIF supported
Feb 01 09:35:58 desktop kernel: kvm_amd: LBR virtualization supported
Feb 01 09:35:58 desktop systemd-modules-load[665]: Inserted module 'kvm_amd'
Feb 01 09:35:58 desktop systemd[1]: Finished Load Kernel Module fuse.
Feb 01 09:35:58 desktop systemd[1]: suid-sgid-wrappers.service: Deactivated successfully.
Feb 01 09:35:58 desktop systemd[1]: Finished Create SUID/SGID Wrappers.
Feb 01 09:35:58 desktop systemd[1]: Finished Remount Root and Kernel File Systems.
Feb 01 09:35:58 desktop kernel: vboxdrv: loading out-of-tree module taints kernel.
Feb 01 09:35:58 desktop systemd[1]: Finished mount-pstore.service.
Feb 01 09:35:58 desktop kernel: vboxdrv: Found 16 processor cores/threads
Feb 01 09:35:58 desktop systemd[1]: Finished Coldplug All udev Devices.
Feb 01 09:35:58 desktop systemd-modules-load[665]: Inserted module 'vboxdrv'
Feb 01 09:35:58 desktop kernel: vboxdrv: TSC mode is Invariant, tentative frequency 3599999043 Hz
Feb 01 09:35:58 desktop kernel: vboxdrv: Successfully loaded version 7.0.12 r159484 (interface 0x00330004)
Feb 01 09:35:58 desktop systemd[1]: Mounting FUSE Control File System...
Feb 01 09:35:58 desktop systemd[1]: Mounting Kernel Configuration File System...
Feb 01 09:35:58 desktop systemd[1]: Starting Flush Journal to Persistent Storage...
Feb 01 09:35:58 desktop systemd[1]: Platform Persistent Storage Archival was skipped because of an unmet condition check (ConditionDirectoryNotEmpty=/sys/fs/pstore).
Feb 01 09:35:58 desktop systemd[1]: Starting Load/Save OS Random Seed...
Feb 01 09:35:58 desktop systemd[1]: Starting Create Static Device Nodes in /dev gracefully...
Feb 01 09:35:58 desktop systemd[1]: Mounted FUSE Control File System.
Feb 01 09:35:58 desktop systemd[1]: Mounted Kernel Configuration File System.
Feb 01 09:35:58 desktop systemd-modules-load[665]: Inserted module 'vboxnetadp'
Feb 01 09:35:58 desktop systemd-journald[663]: Time spent on flushing to /var/log/journal/20703144e4424457bae79b93caf9a415 is 34.229ms for 1081 entries.
Feb 01 09:35:58 desktop systemd-journald[663]: System Journal (/var/log/journal/20703144e4424457bae79b93caf9a415) is 66.1M, max 4.0G, 3.9G free.
Feb 01 09:35:59 desktop kernel: VBoxNetAdp: Successfully started.
Feb 01 09:35:59 desktop systemd-journald[663]: Received client request to flush runtime journal.
Feb 01 09:35:59 desktop systemd-journald[663]: /var/log/journal/20703144e4424457bae79b93caf9a415/system.journal: Journal file uses a different sequence number ID, rotating.
Feb 01 09:35:59 desktop systemd-journald[663]: Rotating system journal.
Feb 01 09:35:59 desktop kernel: VBoxNetFlt: Successfully started.
Feb 01 09:35:59 desktop kernel: bridge: filtering via arp/ip/ip6tables is no longer available by default. Update your scripts to load br_netfilter if you need this.
Feb 01 09:35:59 desktop kernel: tun: Universal TUN/TAP device driver, 1.6
Feb 01 09:35:59 desktop kernel: Bridge firewalling registered
Feb 01 09:35:58 desktop systemd-modules-load[665]: Inserted module 'vboxnetflt'
Feb 01 09:35:58 desktop systemd[1]: Finished Create Static Device Nodes in /dev gracefully.
Feb 01 09:35:58 desktop systemd[1]: Finished Load/Save OS Random Seed.
Feb 01 09:35:58 desktop systemd-modules-load[665]: Inserted module 'bridge'
Feb 01 09:35:58 desktop systemd-modules-load[665]: Inserted module 'macvlan'
Feb 01 09:35:58 desktop systemd-modules-load[665]: Inserted module 'tap'
Feb 01 09:35:58 desktop systemd-modules-load[665]: Inserted module 'tun'
Feb 01 09:35:58 desktop systemd-modules-load[665]: Inserted module 'veth'
Feb 01 09:35:58 desktop systemd-modules-load[665]: Inserted module 'br_netfilter'
Feb 01 09:35:58 desktop systemd[1]: Starting Create Static Device Nodes in /dev...
Feb 01 09:35:59 desktop systemd-modules-load[665]: Inserted module 'xt_nat'
Feb 01 09:35:59 desktop systemd-modules-load[665]: Module 'cpufreq_performance' is built in
Feb 01 09:35:59 desktop systemd-modules-load[665]: Inserted module 'loop'
Feb 01 09:35:59 desktop kernel: loop: module loaded
Feb 01 09:35:59 desktop systemd-modules-load[665]: Inserted module 'atkbd'
Feb 01 09:35:59 desktop systemd-modules-load[665]: Inserted module 'ctr'
Feb 01 09:35:59 desktop systemd-modules-load[665]: Inserted module 'uinput'
Feb 01 09:35:59 desktop systemd[1]: Finished Flush Journal to Persistent Storage.
Feb 01 09:35:59 desktop systemd[1]: Finished Load Kernel Modules.
Feb 01 09:35:59 desktop systemd[1]: Finished Create Static Device Nodes in /dev.
Feb 01 09:35:59 desktop systemd[1]: Reached target Preparation for Local File Systems.
Feb 01 09:35:59 desktop systemd[1]: mnt-lanath.automount: Directory /mnt/lanath to mount over is not empty, mounting anyway.
Feb 01 09:35:59 desktop systemd[1]: Set up automount mnt-lanath.automount.
Feb 01 09:35:59 desktop systemd[1]: Starting Apply Kernel Variables...
Feb 01 09:35:59 desktop systemd[1]: Starting Rule-based Manager for Device Events and Files...
Feb 01 09:35:59 desktop systemd-sysctl[819]: Couldn't write '0' to 'net/ipv4/conf/vboxnet0/proxy_arp', ignoring: No such file or directory
Feb 01 09:35:59 desktop systemd-sysctl[819]: Couldn't write '2' to 'net/ipv6/conf/vboxnet0/use_tempaddr', ignoring: No such file or directory
Feb 01 09:35:59 desktop systemd-udevd[822]: Using default interface naming scheme 'v253'.
Feb 01 09:35:59 desktop systemd[1]: Finished Apply Kernel Variables.
Feb 01 09:35:59 desktop systemd[1]: Started Rule-based Manager for Device Events and Files.
Feb 01 09:35:59 desktop kernel: input: Power Button as /devices/LNXSYSTM:00/LNXSYBUS:00/PNP0C0C:00/input/input7
Feb 01 09:35:59 desktop kernel: ACPI: button: Power Button [PWRB]
Feb 01 09:35:59 desktop kernel: input: Power Button as /devices/LNXSYSTM:00/LNXPWRBN:00/input/input8
Feb 01 09:35:59 desktop kernel: ACPI: button: Power Button [PWRF]
Feb 01 09:35:59 desktop mtp-probe[890]: checking bus 5, device 6: "/sys/devices/pci0000:00/0000:00:07.1/0000:20:00.3/usb5/5-4"
Feb 01 09:35:59 desktop mtp-probe[887]: checking bus 1, device 2: "/sys/devices/pci0000:00/0000:00:01.3/0000:03:00.0/usb1/1-10"
Feb 01 09:35:59 desktop mtp-probe[890]: bus: 5, device: 6 was not an MTP device
Feb 01 09:35:59 desktop mtp-probe[887]: bus: 1, device: 2 was not an MTP device
Feb 01 09:35:59 desktop kernel: parport_pc 00:03: reported by Plug and Play ACPI
Feb 01 09:35:59 desktop kernel: parport0: PC-style at 0x378, irq 5 [PCSPP(,...)]
